Archive member included to satisfy reference by file (symbol)

C:/ST/STM32CubeIDE_1.19.0/STM32CubeIDE/plugins/com.st.stm32cube.ide.mcu.externaltools.gnu-tools-for-stm32.13.3.rel1.win32_1.0.0.202411081344/tools/bin/../lib/gcc/arm-none-eabi/13.3.1/../../../../arm-none-eabi/lib/thumb/v7e-m+dp/hard\libc_nano.a(libc_a-exit.o)
                              C:/ST/STM32CubeIDE_1.19.0/STM32CubeIDE/plugins/com.st.stm32cube.ide.mcu.externaltools.gnu-tools-for-stm32.13.3.rel1.win32_1.0.0.202411081344/tools/bin/../lib/gcc/arm-none-eabi/13.3.1/../../../../arm-none-eabi/lib/thumb/v7e-m+dp/hard/crt0.o (exit)
C:/ST/STM32CubeIDE_1.19.0/STM32CubeIDE/plugins/com.st.stm32cube.ide.mcu.externaltools.gnu-tools-for-stm32.13.3.rel1.win32_1.0.0.202411081344/tools/bin/../lib/gcc/arm-none-eabi/13.3.1/../../../../arm-none-eabi/lib/thumb/v7e-m+dp/hard\libc_nano.a(libc_a-nano-vfprintf_float.o)
                              (_printf_float)
C:/ST/STM32CubeIDE_1.19.0/STM32CubeIDE/plugins/com.st.stm32cube.ide.mcu.externaltools.gnu-tools-for-stm32.13.3.rel1.win32_1.0.0.202411081344/tools/bin/../lib/gcc/arm-none-eabi/13.3.1/../../../../arm-none-eabi/lib/thumb/v7e-m+dp/hard\libc_nano.a(libc_a-nano-vfprintf_i.o)
                              C:/ST/STM32CubeIDE_1.19.0/STM32CubeIDE/plugins/com.st.stm32cube.ide.mcu.externaltools.gnu-tools-for-stm32.13.3.rel1.win32_1.0.0.202411081344/tools/bin/../lib/gcc/arm-none-eabi/13.3.1/../../../../arm-none-eabi/lib/thumb/v7e-m+dp/hard\libc_nano.a(libc_a-nano-vfprintf_float.o) (_printf_common)
C:/ST/STM32CubeIDE_1.19.0/STM32CubeIDE/plugins/com.st.stm32cube.ide.mcu.externaltools.gnu-tools-for-stm32.13.3.rel1.win32_1.0.0.202411081344/tools/bin/../lib/gcc/arm-none-eabi/13.3.1/../../../../arm-none-eabi/lib/thumb/v7e-m+dp/hard\libc_nano.a(libc_a-findfp.o)
                              C:/ST/STM32CubeIDE_1.19.0/STM32CubeIDE/plugins/com.st.stm32cube.ide.mcu.externaltools.gnu-tools-for-stm32.13.3.rel1.win32_1.0.0.202411081344/tools/bin/../lib/gcc/arm-none-eabi/13.3.1/../../../../arm-none-eabi/lib/thumb/v7e-m+dp/hard\libc_nano.a(libc_a-exit.o) (__stdio_exit_handler)
C:/ST/STM32CubeIDE_1.19.0/STM32CubeIDE/plugins/com.st.stm32cube.ide.mcu.externaltools.gnu-tools-for-stm32.13.3.rel1.win32_1.0.0.202411081344/tools/bin/../lib/gcc/arm-none-eabi/13.3.1/../../../../arm-none-eabi/lib/thumb/v7e-m+dp/hard\libc_nano.a(libc_a-fwalk.o)
                              C:/ST/STM32CubeIDE_1.19.0/STM32CubeIDE/plugins/com.st.stm32cube.ide.mcu.externaltools.gnu-tools-for-stm32.13.3.rel1.win32_1.0.0.202411081344/tools/bin/../lib/gcc/arm-none-eabi/13.3.1/../../../../arm-none-eabi/lib/thumb/v7e-m+dp/hard\libc_nano.a(libc_a-findfp.o) (_fwalk_sglue)
C:/ST/STM32CubeIDE_1.19.0/STM32CubeIDE/plugins/com.st.stm32cube.ide.mcu.externaltools.gnu-tools-for-stm32.13.3.rel1.win32_1.0.0.202411081344/tools/bin/../lib/gcc/arm-none-eabi/13.3.1/../../../../arm-none-eabi/lib/thumb/v7e-m+dp/hard\libc_nano.a(libc_a-printf.o)
                              ./Core/Src/main.o (printf)
C:/ST/STM32CubeIDE_1.19.0/STM32CubeIDE/plugins/com.st.stm32cube.ide.mcu.externaltools.gnu-tools-for-stm32.13.3.rel1.win32_1.0.0.202411081344/tools/bin/../lib/gcc/arm-none-eabi/13.3.1/../../../../arm-none-eabi/lib/thumb/v7e-m+dp/hard\libc_nano.a(libc_a-puts.o)
                              ./Core/Src/main.o (puts)
C:/ST/STM32CubeIDE_1.19.0/STM32CubeIDE/plugins/com.st.stm32cube.ide.mcu.externaltools.gnu-tools-for-stm32.13.3.rel1.win32_1.0.0.202411081344/tools/bin/../lib/gcc/arm-none-eabi/13.3.1/../../../../arm-none-eabi/lib/thumb/v7e-m+dp/hard\libc_nano.a(libc_a-stdio.o)
                              C:/ST/STM32CubeIDE_1.19.0/STM32CubeIDE/plugins/com.st.stm32cube.ide.mcu.externaltools.gnu-tools-for-stm32.13.3.rel1.win32_1.0.0.202411081344/tools/bin/../lib/gcc/arm-none-eabi/13.3.1/../../../../arm-none-eabi/lib/thumb/v7e-m+dp/hard\libc_nano.a(libc_a-findfp.o) (__sread)
C:/ST/STM32CubeIDE_1.19.0/STM32CubeIDE/plugins/com.st.stm32cube.ide.mcu.externaltools.gnu-tools-for-stm32.13.3.rel1.win32_1.0.0.202411081344/tools/bin/../lib/gcc/arm-none-eabi/13.3.1/../../../../arm-none-eabi/lib/thumb/v7e-m+dp/hard\libc_nano.a(libc_a-wbuf.o)
                              C:/ST/STM32CubeIDE_1.19.0/STM32CubeIDE/plugins/com.st.stm32cube.ide.mcu.externaltools.gnu-tools-for-stm32.13.3.rel1.win32_1.0.0.202411081344/tools/bin/../lib/gcc/arm-none-eabi/13.3.1/../../../../arm-none-eabi/lib/thumb/v7e-m+dp/hard\libc_nano.a(libc_a-puts.o) (__swbuf_r)
C:/ST/STM32CubeIDE_1.19.0/STM32CubeIDE/plugins/com.st.stm32cube.ide.mcu.externaltools.gnu-tools-for-stm32.13.3.rel1.win32_1.0.0.202411081344/tools/bin/../lib/gcc/arm-none-eabi/13.3.1/../../../../arm-none-eabi/lib/thumb/v7e-m+dp/hard\libc_nano.a(libc_a-wsetup.o)
[...]
Memory Configuration

Name             Origin             Length             Attributes
RAM              0x24000000         0x00071c00         xrw
RAM_NONCACHEABLEBUFFER 0x24071c00         0x00000400         xrw
ITCM             0x00000000         0x00010000         xrw
DTCM             0x20000000         0x00010000         rw
SRAMAHB          0x30000000         0x00008000         rw
BKPSRAM          0x38800000         0x00001000         rw
FLASH            0x70000000         0x08000000         xrw
*default*        0x00000000         0xffffffff

Linker script and memory map

LOAD C:/ST/STM32CubeIDE_1.19.0/STM32CubeIDE/plugins/com.st.stm32cube.ide.mcu.externaltools.gnu-tools-for-stm32.13.3.rel1.win32_1.0.0.202411081344/tools/bin/../lib/gcc/arm-none-eabi/13.3.1/thumb/v7e-m+dp/hard/crti.o
LOAD C:/ST/STM32CubeIDE_1.19.0/STM32CubeIDE/plugins/com.st.stm32cube.ide.mcu.externaltools.gnu-tools-for-stm32.13.3.rel1.win32_1.0.0.202411081344/tools/bin/../lib/gcc/arm-none-eabi/13.3.1/thumb/v7e-m+dp/hard/crtbegin.o
LOAD C:/ST/STM32CubeIDE_1.19.0/STM32CubeIDE/plugins/com.st.stm32cube.ide.mcu.externaltools.gnu-tools-for-stm32.13.3.rel1.win32_1.0.0.202411081344/tools/bin/../lib/gcc/arm-none-eabi/13.3.1/../../../../arm-none-eabi/lib/thumb/v7e-m+dp/hard/crt0.o
LOAD ./Core/Src/audio_ingest.o
LOAD ./Core/Src/feature_pipeline.o
LOAD ./Core/Src/main.o
LOAD ./Core/Src/ssm_backbone.o
LOAD ./Core/Src/ssm_distance_head.o
LOAD ./Core/Src/ssm_head_ref.o
LOAD ./Core/Src/ssm_weights.o
LOAD ./Core/Src/stm32h7rsxx_hal_msp.o
LOAD ./Core/Src/stm32h7rsxx_it.o
LOAD ./Core/Src/syscalls.o
LOAD ./Core/Src/sysmem.o
LOAD ./Core/Src/system_stm32h7rsxx.o
LOAD ./Core/Startup/startup_stm32h7s3l8hx.o
LOAD ./Drivers/BSP/STM32H7xx_Nucleo/stm32h7rsxx_nucleo.o
LOAD ./Drivers/STM32H7RSxx_HAL_Driver/stm32h7rsxx_hal.o
LOAD ./Drivers/STM32H7RSxx_HAL_Driver/stm32h7rsxx_hal_cortex.o
LOAD ./Drivers/STM32H7RSxx_HAL_Driver/stm32h7rsxx_hal_dma.o
LOAD ./Drivers/STM32H7RSxx_HAL_Driver/stm32h7rsxx_hal_dma_ex.o
LOAD ./Drivers/STM32H7RSxx_HAL_Driver/stm32h7rsxx_hal_exti.o
LOAD ./Drivers/STM32H7RSxx_HAL_Driver/stm32h7rsxx_hal_flash.o
LOAD ./Drivers/STM32H7RSxx_HAL_Driver/stm32h7rsxx_hal_flash_ex.o
LOAD ./Drivers/STM32H7RSxx_HAL_Driver/stm32h7rsxx_hal_gpio.o
LOAD ./Drivers/STM32H7RSxx_HAL_Driver/stm32h7rsxx_hal_pwr.o
LOAD ./Drivers/STM32H7RSxx_HAL_Driver/stm32h7rsxx_hal_pwr_ex.o
LOAD ./Drivers/STM32H7RSxx_HAL_Driver/stm32h7rsxx_hal_rcc.o
LOAD ./Drivers/STM32H7RSxx_HAL_Driver/stm32h7rsxx_hal_rcc_ex.o
LOAD ./Drivers/STM32H7RSxx_HAL_Driver/stm32h7rsxx_hal_uart.o
LOAD ./Drivers/STM32H7RSxx_HAL_Driver/stm32h7rsxx_hal_uart_ex.o
LOAD ./Drivers/STM32H7RSxx_HAL_Driver/stm32h7rsxx_hal_usart.o
LOAD ./Drivers/STM32H7RSxx_HAL_Driver/stm32h7rsxx_hal_usart_ex.o
LOAD ./Middlewares/CMSIS-DSP/Source/BasicMathFunctions/BasicMathFunctionsF16.o
LOAD ./Middlewares/CMSIS-DSP/Source/BasicMathFunctions/arm_abs_f16.o
LOAD ./Middlewares/CMSIS-DSP/Source/BasicMathFunctions/arm_abs_f32.o
LOAD ./Middlewares/CMSIS-DSP/Source/BasicMathFunctions/arm_abs_f64.o
LOAD ./Middlewares/CMSIS-DSP/Source/BasicMathFunctions/arm_abs_q15.o
LOAD ./Middlewares/CMSIS-DSP/Source/BasicMathFunctions/arm_abs_q31.o
LOAD ./Middlewares/CMSIS-DSP/Source/BasicMathFunctions/arm_abs_q7.o
LOAD ./Middlewares/CMSIS-DSP/Source/BasicMathFunctions/arm_add_f16.o
LOAD ./Middlewares/CMSIS-DSP/Source/BasicMathFunctions/arm_add_f32.o
LOAD ./Middlewares/CMSIS-DSP/Source/BasicMathFunctions/arm_add_f64.o
LOAD ./Middlewares/CMSIS-DSP/Source/BasicMathFunctions/arm_add_q15.o
LOAD ./Middlewares/CMSIS-DSP/Source/BasicMathFunctions/arm_add_q31.o
LOAD ./Middlewares/CMSIS-DSP/Source/BasicMathFunctions/arm_add_q7.o
LOAD ./Middlewares/CMSIS-DSP/Source/BasicMathFunctions/arm_and_u16.o
LOAD ./Middlewares/CMSIS-DSP/Source/BasicMathFunctions/arm_and_u32.o
LOAD ./Middlewares/CMSIS-DSP/Source/BasicMathFunctions/arm_and_u8.o
LOAD ./Middlewares/CMSIS-DSP/Source/BasicMathFunctions/arm_clip_f16.o
LOAD ./Middlewares/CMSIS-DSP/Source/BasicMathFunctions/arm_clip_f32.o
LOAD ./Middlewares/CMSIS-DSP/Source/BasicMathFunctions/arm_clip_q15.o
LOAD ./Middlewares/CMSIS-DSP/Source/BasicMathFunctions/arm_clip_q31.o
LOAD ./Middlewares/CMSIS-DSP/Source/BasicMathFunctions/arm_clip_q7.o
LOAD ./Middlewares/CMSIS-DSP/Source/BasicMathFunctions/arm_dot_prod_f16.o
LOAD ./Middlewares/CMSIS-DSP/Source/BasicMathFunctions/arm_dot_prod_f32.o
LOAD ./Middlewares/CMSIS-DSP/Source/BasicMathFunctions/arm_dot_prod_f64.o
LOAD ./Middlewares/CMSIS-DSP/Source/BasicMathFunctions/arm_dot_prod_q15.o
LOAD ./Middlewares/CMSIS-DSP/Source/BasicMathFunctions/arm_dot_prod_q31.o
LOAD ./Middlewares/CMSIS-DSP/Source/BasicMathFunctions/arm_dot_prod_q7.o
LOAD ./Middlewares/CMSIS-DSP/Source/BasicMathFunctions/arm_mult_f16.o
LOAD ./Middlewares/CMSIS-DSP/Source/BasicMathFunctions/arm_mult_f32.o
LOAD ./Middlewares/CMSIS-DSP/Source/BasicMathFunctions/arm_mult_f64.o
LOAD ./Middlewares/CMSIS-DSP/Source/BasicMathFunctions/arm_mult_q15.o
LOAD ./Middlewares/CMSIS-DSP/Source/BasicMathFunctions/arm_mult_q31.o
LOAD ./Middlewares/CMSIS-DSP/Source/BasicMathFunctions/arm_mult_q7.o
LOAD ./Middlewares/CMSIS-DSP/Source/BasicMathFunctions/arm_negate_f16.o
LOAD ./Middlewares/CMSIS-DSP/Source/BasicMathFunctions/arm_negate_f32.o
LOAD ./Middlewares/CMSIS-DSP/Source/BasicMathFunctions/arm_negate_f64.o
LOAD ./Middlewares/CMSIS-DSP/Source/BasicMathFunctions/arm_negate_q15.o
LOAD ./Middlewares/CMSIS-DSP/Source/BasicMathFunctions/arm_negate_q31.o
LOAD ./Middlewares/CMSIS-DSP/Source/BasicMathFunctions/arm_negate_q7.o
LOAD ./Middlewares/CMSIS-DSP/Source/BasicMathFunctions/arm_not_u16.o
LOAD ./Middlewares/CMSIS-DSP/Source/BasicMathFunctions/arm_not_u32.o
LOAD ./Middlewares/CMSIS-DSP/Source/BasicMathFunctions/arm_not_u8.o
LOAD ./Middlewares/CMSIS-DSP/Source/BasicMathFunctions/arm_offset_f16.o
LOAD ./Middlewares/CMSIS-DSP/Source/BasicMathFunctions/arm_offset_f32.o
LOAD ./Middlewares/CMSIS-DSP/Source/BasicMathFunctions/arm_offset_f64.o
LOAD ./Middlewares/CMSIS-DSP/Source/BasicMathFunctions/arm_offset_q15.o
LOAD ./Middlewares/CMSIS-DSP/Source/BasicMathFunctions/arm_offset_q31.o
LOAD ./Middlewares/CMSIS-DSP/Source/BasicMathFunctions/arm_offset_q7.o
LOAD ./Middlewares/CMSIS-DSP/Source/BasicMathFunctions/arm_or_u16.o
LOAD ./Middlewares/CMSIS-DSP/Source/BasicMathFunctions/arm_or_u32.o
LOAD ./Middlewares/CMSIS-DSP/Source/BasicMathFunctions/arm_or_u8.o
LOAD ./Middlewares/CMSIS-DSP/Source/BasicMathFunctions/arm_scale_f16.o
LOAD ./Middlewares/CMSIS-DSP/Source/BasicMathFunctions/arm_scale_f32.o
LOAD ./Middlewares/CMSIS-DSP/Source/BasicMathFunctions/arm_scale_f64.o
LOAD ./Middlewares/CMSIS-DSP/Source/BasicMathFunctions/arm_scale_q15.o
LOAD ./Middlewares/CMSIS-DSP/Source/BasicMathFunctions/arm_scale_q31.o
LOAD ./Middlewares/CMSIS-DSP/Source/BasicMathFunctions/arm_scale_q7.o
LOAD ./Middlewares/CMSIS-DSP/Source/BasicMathFunctions/arm_shift_q15.o
LOAD ./Middlewares/CMSIS-DSP/Source/BasicMathFunctions/arm_shift_q31.o
LOAD ./Middlewares/CMSIS-DSP/Source/BasicMathFunctions/arm_shift_q7.o
LOAD ./Middlewares/CMSIS-DSP/Source/BasicMathFunctions/arm_sub_f16.o
LOAD ./Middlewares/CMSIS-DSP/Source/BasicMathFunctions/arm_sub_f32.o
LOAD ./Middlewares/CMSIS-DSP/Source/BasicMathFunctions/arm_sub_f64.o
LOAD ./Middlewares/CMSIS-DSP/Source/BasicMathFunctions/arm_sub_q15.o
LOAD ./Middlewares/CMSIS-DSP/Source/BasicMathFunctions/arm_sub_q31.o
LOAD ./Middlewares/CMSIS-DSP/Source/BasicMathFunctions/arm_sub_q7.o
LOAD ./Middlewares/CMSIS-DSP/Source/BasicMathFunctions/arm_xor_u16.o
LOAD ./Middlewares/CMSIS-DSP/Source/BasicMathFunctions/arm_xor_u32.o
LOAD ./Middlewares/CMSIS-DSP/Source/BasicMathFunctions/arm_xor_u8.o
LOAD ./Middlewares/CMSIS-DSP/Source/BayesFunctions/BayesFunctionsF16.o
LOAD ./Middlewares/CMSIS-DSP/Source/BayesFunctions/arm_gaussian_naive_bayes_predict_f16.o
LOAD ./Middlewares/CMSIS-DSP/Source/BayesFunctions/arm_gaussian_naive_bayes_predict_f32.o
LOAD ./Middlewares/CMSIS-DSP/Source/CommonTables/CommonTablesF16.o
LOAD ./Middlewares/CMSIS-DSP/Source/CommonTables/arm_common_tables.o
LOAD ./Middlewares/CMSIS-DSP/Source/CommonTables/arm_common_tables_f16.o
LOAD ./Middlewares/CMSIS-DSP/Source/CommonTables/arm_const_structs.o
LOAD ./Middlewares/CMSIS-DSP/Source/CommonTables/arm_const_structs_f16.o
LOAD ./Middlewares/CMSIS-DSP/Source/CommonTables/arm_mve_tables.o
LOAD ./Middlewares/CMSIS-DSP/Source/CommonTables/arm_mve_tables_f16.o
LOAD ./Middlewares/CMSIS-DSP/Source/ComplexMathFunctions/ComplexMathFunctionsF16.o
LOAD ./Middlewares/CMSIS-DSP/Source/ComplexMathFunctions/arm_cmplx_conj_f16.o
LOAD ./Middlewares/CMSIS-DSP/Source/ComplexMathFunctions/arm_cmplx_conj_f32.o
LOAD ./Middlewares/CMSIS-DSP/Source/ComplexMathFunctions/arm_cmplx_conj_q15.o
LOAD ./Middlewares/CMSIS-DSP/Source/ComplexMathFunctions/arm_cmplx_conj_q31.o
LOAD ./Middlewares/CMSIS-DSP/Source/ComplexMathFunctions/arm_cmplx_dot_prod_f16.o
LOAD ./Middlewares/CMSIS-DSP/Source/ComplexMathFunctions/arm_cmplx_dot_prod_f32.o
LOAD ./Middlewares/CMSIS-DSP/Source/ComplexMathFunctions/arm_cmplx_dot_prod_q15.o
LOAD ./Middlewares/CMSIS-DSP/Source/ComplexMathFunctions/arm_cmplx_dot_prod_q31.o
LOAD ./Middlewares/CMSIS-DSP/Source/ComplexMathFunctions/arm_cmplx_mag_f16.o
LOAD ./Middlewares/CMSIS-DSP/Source/ComplexMathFunctions/arm_cmplx_mag_f32.o
LOAD ./Middlewares/CMSIS-DSP/Source/ComplexMathFunctions/arm_cmplx_mag_f64.o
LOAD ./Middlewares/CMSIS-DSP/Source/ComplexMathFunctions/arm_cmplx_mag_fast_q15.o
LOAD ./Middlewares/CMSIS-DSP/Source/ComplexMathFunctions/arm_cmplx_mag_q15.o
LOAD ./Middlewares/CMSIS-DSP/Source/ComplexMathFunctions/arm_cmplx_mag_q31.o
LOAD ./Middlewares/CMSIS-DSP/Source/ComplexMathFunctions/arm_cmplx_mag_squared_f16.o
LOAD ./Middlewares/CMSIS-DSP/Source/ComplexMathFunctions/arm_cmplx_mag_squared_f32.o
LOAD ./Middlewares/CMSIS-DSP/Source/ComplexMathFunctions/arm_cmplx_mag_squared_f64.o
LOAD ./Middlewares/CMSIS-DSP/Source/ComplexMathFunctions/arm_cmplx_mag_squared_q15.o
LOAD ./Middlewares/CMSIS-DSP/Source/ComplexMathFunctions/arm_cmplx_mag_squared_q31.o
LOAD ./Middlewares/CMSIS-DSP/Source/ComplexMathFunctions/arm_cmplx_mult_cmplx_f16.o
LOAD ./Middlewares/CMSIS-DSP/Source/ComplexMathFunctions/arm_cmplx_mult_cmplx_f32.o
LOAD ./Middlewares/CMSIS-DSP/Source/ComplexMathFunctions/arm_cmplx_mult_cmplx_f64.o
LOAD ./Middlewares/CMSIS-DSP/Source/ComplexMathFunctions/arm_cmplx_mult_cmplx_q15.o
LOAD ./Middlewares/CMSIS-DSP/Source/ComplexMathFunctions/arm_cmplx_mult_cmplx_q31.o
LOAD ./Middlewares/CMSIS-DSP/Source/ComplexMathFunctions/arm_cmplx_mult_real_f16.o
LOAD ./Middlewares/CMSIS-DSP/Source/ComplexMathFunctions/arm_cmplx_mult_real_f32.o
LOAD ./Middlewares/CMSIS-DSP/Source/ComplexMathFunctions/arm_cmplx_mult_real_q15.o
LOAD ./Middlewares/CMSIS-DSP/Source/ComplexMathFunctions/arm_cmplx_mult_real_q31.o
LOAD ./Middlewares/CMSIS-DSP/Source/ControllerFunctions/arm_pid_init_f32.o
LOAD ./Middlewares/CMSIS-DSP/Source/ControllerFunctions/arm_pid_init_q15.o
LOAD ./Middlewares/CMSIS-DSP/Source/ControllerFunctions/arm_pid_init_q31.o
LOAD ./Middlewares/CMSIS-DSP/Source/ControllerFunctions/arm_pid_reset_f32.o
LOAD ./Middlewares/CMSIS-DSP/Source/ControllerFunctions/arm_pid_reset_q15.o
LOAD ./Middlewares/CMSIS-DSP/Source/ControllerFunctions/arm_pid_reset_q31.o
LOAD ./Middlewares/CMSIS-DSP/Source/ControllerFunctions/arm_sin_cos_f32.o
LOAD ./Middlewares/CMSIS-DSP/Source/ControllerFunctions/arm_sin_cos_q31.o
LOAD ./Middlewares/CMSIS-DSP/Source/DistanceFunctions/DistanceFunctionsF16.o
LOAD ./Middlewares/CMSIS-DSP/Source/DistanceFunctions/arm_boolean_distance.o
LOAD ./Middlewares/CMSIS-DSP/Source/DistanceFunctions/arm_braycurtis_distance_f16.o
LOAD ./Middlewares/CMSIS-DSP/Source/DistanceFunctions/arm_braycurtis_distance_f32.o
LOAD ./Middlewares/CMSIS-DSP/Source/DistanceFunctions/arm_canberra_distance_f16.o
LOAD ./Middlewares/CMSIS-DSP/Source/DistanceFunctions/arm_canberra_distance_f32.o
LOAD ./Middlewares/CMSIS-DSP/Source/DistanceFunctions/arm_chebyshev_distance_f16.o
LOAD ./Middlewares/CMSIS-DSP/Source/DistanceFunctions/arm_chebyshev_distance_f32.o
LOAD ./Middlewares/CMSIS-DSP/Source/DistanceFunctions/arm_chebyshev_distance_f64.o
LOAD ./Middlewares/CMSIS-DSP/Source/DistanceFunctions/arm_cityblock_distance_f16.o
LOAD ./Middlewares/CMSIS-DSP/Source/DistanceFunctions/arm_cityblock_distance_f32.o
LOAD ./Middlewares/CMSIS-DSP/Source/DistanceFunctions/arm_cityblock_distance_f64.o
LOAD ./Middlewares/CMSIS-DSP/Source/DistanceFunctions/arm_correlation_distance_f16.o
LOAD ./Middlewares/CMSIS-DSP/Source/DistanceFunctions/arm_correlation_distance_f32.o
LOAD ./Middlewares/CMSIS-DSP/Source/DistanceFunctions/arm_cosine_distance_f16.o
LOAD ./Middlewares/CMSIS-DSP/Source/DistanceFunctions/arm_cosine_distance_f32.o
LOAD ./Middlewares/CMSIS-DSP/Source/DistanceFunctions/arm_cosine_distance_f64.o
LOAD ./Middlewares/CMSIS-DSP/Source/DistanceFunctions/arm_dice_distance.o
LOAD ./Middlewares/CMSIS-DSP/Source/DistanceFunctions/arm_dtw_distance_f32.o
LOAD ./Middlewares/CMSIS-DSP/Source/DistanceFunctions/arm_dtw_init_window_q7.o
LOAD ./Middlewares/CMSIS-DSP/Source/DistanceFunctions/arm_dtw_path_f32.o
LOAD ./Middlewares/CMSIS-DSP/Source/DistanceFunctions/arm_euclidean_distance_f16.o
LOAD ./Middlewares/CMSIS-DSP/Source/DistanceFunctions/arm_euclidean_distance_f32.o
LOAD ./Middlewares/CMSIS-DSP/Source/DistanceFunctions/arm_euclidean_distance_f64.o
LOAD ./Middlewares/CMSIS-DSP/Source/DistanceFunctions/arm_hamming_distance.o
LOAD ./Middlewares/CMSIS-DSP/Source/DistanceFunctions/arm_jaccard_distance.o
LOAD ./Middlewares/CMSIS-DSP/Source/DistanceFunctions/arm_jensenshannon_distance_f16.o
LOAD ./Middlewares/CMSIS-DSP/Source/DistanceFunctions/arm_jensenshannon_distance_f32.o
LOAD ./Middlewares/CMSIS-DSP/Source/DistanceFunctions/arm_kulsinski_distance.o
LOAD ./Middlewares/CMSIS-DSP/Source/DistanceFunctions/arm_minkowski_distance_f16.o
LOAD ./Middlewares/CMSIS-DSP/Source/DistanceFunctions/arm_minkowski_distance_f32.o
LOAD ./Middlewares/CMSIS-DSP/Source/DistanceFunctions/arm_rogerstanimoto_distance.o
LOAD ./Middlewares/CMSIS-DSP/Source/DistanceFunctions/arm_russellrao_distance.o
LOAD ./Middlewares/CMSIS-DSP/Source/DistanceFunctions/arm_sokalmichener_distance.o
LOAD ./Middlewares/CMSIS-DSP/Source/DistanceFunctions/arm_sokalsneath_distance.o
LOAD ./Middlewares/CMSIS-DSP/Source/DistanceFunctions/arm_yule_distance.o
LOAD ./Middlewares/CMSIS-DSP/Source/FastMathFunctions/FastMathFunctionsF16.o
LOAD ./Middlewares/CMSIS-DSP/Source/FastMathFunctions/arm_atan2_f16.o
LOAD ./Middlewares/CMSIS-DSP/Source/FastMathFunctions/arm_atan2_f32.o
LOAD ./Middlewares/CMSIS-DSP/Source/FastMathFunctions/arm_atan2_q15.o
LOAD ./Middlewares/CMSIS-DSP/Source/FastMathFunctions/arm_atan2_q31.o
LOAD ./Middlewares/CMSIS-DSP/Source/FastMathFunctions/arm_cos_f32.o
LOAD ./Middlewares/CMSIS-DSP/Source/FastMathFunctions/arm_cos_q15.o
LOAD ./Middlewares/CMSIS-DSP/Source/FastMathFunctions/arm_cos_q31.o
LOAD ./Middlewares/CMSIS-DSP/Source/FastMathFunctions/arm_divide_q15.o
LOAD ./Middlewares/CMSIS-DSP/Source/FastMathFunctions/arm_divide_q31.o
LOAD ./Middlewares/CMSIS-DSP/Source/FastMathFunctions/arm_sin_f32.o
LOAD ./Middlewares/CMSIS-DSP/Source/FastMathFunctions/arm_sin_q15.o
LOAD ./Middlewares/CMSIS-DSP/Source/FastMathFunctions/arm_sin_q31.o
LOAD ./Middlewares/CMSIS-DSP/Source/FastMathFunctions/arm_sqrt_q15.o
LOAD ./Middlewares/CMSIS-DSP/Source/FastMathFunctions/arm_sqrt_q31.o
LOAD ./Middlewares/CMSIS-DSP/Source/FastMathFunctions/arm_vexp_f16.o
LOAD ./Middlewares/CMSIS-DSP/Source/FastMathFunctions/arm_vexp_f32.o
LOAD ./Middlewares/CMSIS-DSP/Source/FastMathFunctions/arm_vexp_f64.o
LOAD ./Middlewares/CMSIS-DSP/Source/FastMathFunctions/arm_vinverse_f16.o
LOAD ./Middlewares/CMSIS-DSP/Source/FastMathFunctions/arm_vlog_f16.o
LOAD ./Middlewares/CMSIS-DSP/Source/FastMathFunctions/arm_vlog_f32.o
LOAD ./Middlewares/CMSIS-DSP/Source/FastMathFunctions/arm_vlog_f64.o
LOAD ./Middlewares/CMSIS-DSP/Source/FastMathFunctions/arm_vlog_q15.o
LOAD ./Middlewares/CMSIS-DSP/Source/FastMathFunctions/arm_vlog_q31.o
LOAD ./Middlewares/CMSIS-DSP/Source/FilteringFunctions/FilteringFunctionsF16.o
LOAD ./Middlewares/CMSIS-DSP/Source/FilteringFunctions/arm_biquad_cascade_df1_32x64_init_q31.o
LOAD ./Middlewares/CMSIS-DSP/Source/FilteringFunctions/arm_biquad_cascade_df1_32x64_q31.o
LOAD ./Middlewares/CMSIS-DSP/Source/FilteringFunctions/arm_biquad_cascade_df1_f16.o
LOAD ./Middlewares/CMSIS-DSP/Source/FilteringFunctions/arm_biquad_cascade_df1_f32.o
LOAD ./Middlewares/CMSIS-DSP/Source/FilteringFunctions/arm_biquad_cascade_df1_fast_q15.o
LOAD ./Middlewares/CMSIS-DSP/Source/FilteringFunctions/arm_biquad_cascade_df1_fast_q31.o
LOAD ./Middlewares/CMSIS-DSP/Source/FilteringFunctions/arm_biquad_cascade_df1_init_f16.o
LOAD ./Middlewares/CMSIS-DSP/Source/FilteringFunctions/arm_biquad_cascade_df1_init_f32.o
LOAD ./Middlewares/CMSIS-DSP/Source/FilteringFunctions/arm_biquad_cascade_df1_init_q15.o
LOAD ./Middlewares/CMSIS-DSP/Source/FilteringFunctions/arm_biquad_cascade_df1_init_q31.o
LOAD ./Middlewares/CMSIS-DSP/Source/FilteringFunctions/arm_biquad_cascade_df1_q15.o
LOAD ./Middlewares/CMSIS-DSP/Source/FilteringFunctions/arm_biquad_cascade_df1_q31.o
LOAD ./Middlewares/CMSIS-DSP/Source/FilteringFunctions/arm_biquad_cascade_df2T_f16.o
LOAD ./Middlewares/CMSIS-DSP/Source/FilteringFunctions/arm_biquad_cascade_df2T_f32.o
LOAD ./Middlewares/CMSIS-DSP/Source/FilteringFunctions/arm_biquad_cascade_df2T_f64.o
LOAD ./Middlewares/CMSIS-DSP/Source/FilteringFunctions/arm_biquad_cascade_df2T_init_f16.o
LOAD ./Middlewares/CMSIS-DSP/Source/FilteringFunctions/arm_biquad_cascade_df2T_init_f32.o
LOAD ./Middlewares/CMSIS-DSP/Source/FilteringFunctions/arm_biquad_cascade_df2T_init_f64.o
LOAD ./Middlewares/CMSIS-DSP/Source/FilteringFunctions/arm_biquad_cascade_stereo_df2T_f16.o
LOAD ./Middlewares/CMSIS-DSP/Source/FilteringFunctions/arm_biquad_cascade_stereo_df2T_f32.o
LOAD ./Middlewares/CMSIS-DSP/Source/FilteringFunctions/arm_biquad_cascade_stereo_df2T_init_f16.o
LOAD ./Middlewares/CMSIS-DSP/Source/FilteringFunctions/arm_biquad_cascade_stereo_df2T_init_f32.o
LOAD ./Middlewares/CMSIS-DSP/Source/FilteringFunctions/arm_conv_f32.o
LOAD ./Middlewares/CMSIS-DSP/Source/FilteringFunctions/arm_conv_fast_opt_q15.o
LOAD ./Middlewares/CMSIS-DSP/Source/FilteringFunctions/arm_conv_fast_q15.o
LOAD ./Middlewares/CMSIS-DSP/Source/FilteringFunctions/arm_conv_fast_q31.o
LOAD ./Middlewares/CMSIS-DSP/Source/FilteringFunctions/arm_conv_opt_q15.o
LOAD ./Middlewares/CMSIS-DSP/Source/FilteringFunctions/arm_conv_opt_q7.o
LOAD ./Middlewares/CMSIS-DSP/Source/FilteringFunctions/arm_conv_partial_f32.o
LOAD ./Middlewares/CMSIS-DSP/Source/FilteringFunctions/arm_conv_partial_fast_opt_q15.o
LOAD ./Middlewares/CMSIS-DSP/Source/FilteringFunctions/arm_conv_partial_fast_q15.o
LOAD ./Middlewares/CMSIS-DSP/Source/FilteringFunctions/arm_conv_partial_fast_q31.o
LOAD ./Middlewares/CMSIS-DSP/Source/FilteringFunctions/arm_conv_partial_opt_q15.o
LOAD ./Middlewares/CMSIS-DSP/Source/FilteringFunctions/arm_conv_partial_opt_q7.o
LOAD ./Middlewares/CMSIS-DSP/Source/FilteringFunctions/arm_conv_partial_q15.o
LOAD ./Middlewares/CMSIS-DSP/Source/FilteringFunctions/arm_conv_partial_q31.o
LOAD ./Middlewares/CMSIS-DSP/Source/FilteringFunctions/arm_conv_partial_q7.o
LOAD ./Middlewares/CMSIS-DSP/Source/FilteringFunctions/arm_conv_q15.o
LOAD ./Middlewares/CMSIS-DSP/Source/FilteringFunctions/arm_conv_q31.o
LOAD ./Middlewares/CMSIS-DSP/Source/FilteringFunctions/arm_conv_q7.o
LOAD ./Middlewares/CMSIS-DSP/Source/FilteringFunctions/arm_correlate_f16.o
LOAD ./Middlewares/CMSIS-DSP/Source/FilteringFunctions/arm_correlate_f32.o
LOAD ./Middlewares/CMSIS-DSP/Source/FilteringFunctions/arm_correlate_f64.o
LOAD ./Middlewares/CMSIS-DSP/Source/FilteringFunctions/arm_correlate_fast_opt_q15.o
LOAD ./Middlewares/CMSIS-DSP/Source/FilteringFunctions/arm_correlate_fast_q15.o
LOAD ./Middlewares/CMSIS-DSP/Source/FilteringFunctions/arm_correlate_fast_q31.o
LOAD ./Middlewares/CMSIS-DSP/Source/FilteringFunctions/arm_correlate_opt_q15.o
LOAD ./Middlewares/CMSIS-DSP/Source/FilteringFunctions/arm_correlate_opt_q7.o
LOAD ./Middlewares/CMSIS-DSP/Source/FilteringFunctions/arm_correlate_q15.o
LOAD ./Middlewares/CMSIS-DSP/Source/FilteringFunctions/arm_correlate_q31.o
LOAD ./Middlewares/CMSIS-DSP/Source/FilteringFunctions/arm_correlate_q7.o
LOAD ./Middlewares/CMSIS-DSP/Source/FilteringFunctions/arm_fir_decimate_f32.o
LOAD ./Middlewares/CMSIS-DSP/Source/FilteringFunctions/arm_fir_decimate_f64.o
LOAD ./Middlewares/CMSIS-DSP/Source/FilteringFunctions/arm_fir_decimate_fast_q15.o
LOAD ./Middlewares/CMSIS-DSP/Source/FilteringFunctions/arm_fir_decimate_fast_q31.o
LOAD ./Middlewares/CMSIS-DSP/Source/FilteringFunctions/arm_fir_decimate_init_f32.o
LOAD ./Middlewares/CMSIS-DSP/Source/FilteringFunctions/arm_fir_decimate_init_f64.o
LOAD ./Middlewares/CMSIS-DSP/Source/FilteringFunctions/arm_fir_decimate_init_q15.o
LOAD ./Middlewares/CMSIS-DSP/Source/FilteringFunctions/arm_fir_decimate_init_q31.o
LOAD ./Middlewares/CMSIS-DSP/Source/FilteringFunctions/arm_fir_decimate_q15.o
LOAD ./Middlewares/CMSIS-DSP/Source/FilteringFunctions/arm_fir_decimate_q31.o
LOAD ./Middlewares/CMSIS-DSP/Source/FilteringFunctions/arm_fir_f16.o
LOAD ./Middlewares/CMSIS-DSP/Source/FilteringFunctions/arm_fir_f32.o
LOAD ./Middlewares/CMSIS-DSP/Source/FilteringFunctions/arm_fir_f64.o
LOAD ./Middlewares/CMSIS-DSP/Source/FilteringFunctions/arm_fir_fast_q15.o
LOAD ./Middlewares/CMSIS-DSP/Source/FilteringFunctions/arm_fir_fast_q31.o
LOAD ./Middlewares/CMSIS-DSP/Source/FilteringFunctions/arm_fir_init_f16.o
LOAD ./Middlewares/CMSIS-DSP/Source/FilteringFunctions/arm_fir_init_f32.o
LOAD ./Middlewares/CMSIS-DSP/Source/FilteringFunctions/arm_fir_init_f64.o
LOAD ./Middlewares/CMSIS-DSP/Source/FilteringFunctions/arm_fir_init_q15.o
LOAD ./Middlewares/CMSIS-DSP/Source/FilteringFunctions/arm_fir_init_q31.o
LOAD ./Middlewares/CMSIS-DSP/Source/FilteringFunctions/arm_fir_init_q7.o
LOAD ./Middlewares/CMSIS-DSP/Source/FilteringFunctions/arm_fir_interpolate_f32.o
LOAD ./Middlewares/CMSIS-DSP/Source/FilteringFunctions/arm_fir_interpolate_init_f32.o
LOAD ./Middlewares/CMSIS-DSP/Source/FilteringFunctions/arm_fir_interpolate_init_q15.o
LOAD ./Middlewares/CMSIS-DSP/Source/FilteringFunctions/arm_fir_interpolate_init_q31.o
LOAD ./Middlewares/CMSIS-DSP/Source/FilteringFunctions/arm_fir_interpolate_q15.o
LOAD ./Middlewares/CMSIS-DSP/Source/FilteringFunctions/arm_fir_interpolate_q31.o
LOAD ./Middlewares/CMSIS-DSP/Source/FilteringFunctions/arm_fir_lattice_f32.o
LOAD ./Middlewares/CMSIS-DSP/Source/FilteringFunctions/arm_fir_lattice_init_f32.o
LOAD ./Middlewares/CMSIS-DSP/Source/FilteringFunctions/arm_fir_lattice_init_q15.o
LOAD ./Middlewares/CMSIS-DSP/Source/FilteringFunctions/arm_fir_lattice_init_q31.o
LOAD ./Middlewares/CMSIS-DSP/Source/FilteringFunctions/arm_fir_lattice_q15.o
LOAD ./Middlewares/CMSIS-DSP/Source/FilteringFunctions/arm_fir_lattice_q31.o
LOAD ./Middlewares/CMSIS-DSP/Source/FilteringFunctions/arm_fir_q15.o
LOAD ./Middlewares/CMSIS-DSP/Source/FilteringFunctions/arm_fir_q31.o
LOAD ./Middlewares/CMSIS-DSP/Source/FilteringFunctions/arm_fir_q7.o
LOAD ./Middlewares/CMSIS-DSP/Source/FilteringFunctions/arm_fir_sparse_f32.o
LOAD ./Middlewares/CMSIS-DSP/Source/FilteringFunctions/arm_fir_sparse_init_f32.o
LOAD ./Middlewares/CMSIS-DSP/Source/FilteringFunctions/arm_fir_sparse_init_q15.o
LOAD ./Middlewares/CMSIS-DSP/Source/FilteringFunctions/arm_fir_sparse_init_q31.o
LOAD ./Middlewares/CMSIS-DSP/Source/FilteringFunctions/arm_fir_sparse_init_q7.o
LOAD ./Middlewares/CMSIS-DSP/Source/FilteringFunctions/arm_fir_sparse_q15.o
LOAD ./Middlewares/CMSIS-DSP/Source/FilteringFunctions/arm_fir_sparse_q31.o
LOAD ./Middlewares/CMSIS-DSP/Source/FilteringFunctions/arm_fir_sparse_q7.o
LOAD ./Middlewares/CMSIS-DSP/Source/FilteringFunctions/arm_iir_lattice_f32.o
LOAD ./Middlewares/CMSIS-DSP/Source/FilteringFunctions/arm_iir_lattice_init_f32.o
LOAD ./Middlewares/CMSIS-DSP/Source/FilteringFunctions/arm_iir_lattice_init_q15.o
LOAD ./Middlewares/CMSIS-DSP/Source/FilteringFunctions/arm_iir_lattice_init_q31.o
LOAD ./Middlewares/CMSIS-DSP/Source/FilteringFunctions/arm_iir_lattice_q15.o
LOAD ./Middlewares/CMSIS-DSP/Source/FilteringFunctions/arm_iir_lattice_q31.o
LOAD ./Middlewares/CMSIS-DSP/Source/FilteringFunctions/arm_levinson_durbin_f16.o
LOAD ./Middlewares/CMSIS-DSP/Source/FilteringFunctions/arm_levinson_durbin_f32.o
LOAD ./Middlewares/CMSIS-DSP/Source/FilteringFunctions/arm_levinson_durbin_q31.o
LOAD ./Middlewares/CMSIS-DSP/Source/FilteringFunctions/arm_lms_f32.o
LOAD ./Middlewares/CMSIS-DSP/Source/FilteringFunctions/arm_lms_init_f32.o
LOAD ./Middlewares/CMSIS-DSP/Source/FilteringFunctions/arm_lms_init_q15.o
LOAD ./Middlewares/CMSIS-DSP/Source/FilteringFunctions/arm_lms_init_q31.o
LOAD ./Middlewares/CMSIS-DSP/Source/FilteringFunctions/arm_lms_norm_f32.o
LOAD ./Middlewares/CMSIS-DSP/Source/FilteringFunctions/arm_lms_norm_init_f32.o
LOAD ./Middlewares/CMSIS-DSP/Source/FilteringFunctions/arm_lms_norm_init_q15.o
LOAD ./Middlewares/CMSIS-DSP/Source/FilteringFunctions/arm_lms_norm_init_q31.o
LOAD ./Middlewares/CMSIS-DSP/Source/FilteringFunctions/arm_lms_norm_q15.o
LOAD ./Middlewares/CMSIS-DSP/Source/FilteringFunctions/arm_lms_norm_q31.o
LOAD ./Middlewares/CMSIS-DSP/Source/FilteringFunctions/arm_lms_q15.o
LOAD ./Middlewares/CMSIS-DSP/Source/FilteringFunctions/arm_lms_q31.o
LOAD ./Middlewares/CMSIS-DSP/Source/InterpolationFunctions/InterpolationFunctionsF16.o
LOAD ./Middlewares/CMSIS-DSP/Source/InterpolationFunctions/arm_bilinear_interp_f16.o
LOAD ./Middlewares/CMSIS-DSP/Source/InterpolationFunctions/arm_bilinear_interp_f32.o
LOAD ./Middlewares/CMSIS-DSP/Source/InterpolationFunctions/arm_bilinear_interp_q15.o
LOAD ./Middlewares/CMSIS-DSP/Source/InterpolationFunctions/arm_bilinear_interp_q31.o
LOAD ./Middlewares/CMSIS-DSP/Source/InterpolationFunctions/arm_bilinear_interp_q7.o
LOAD ./Middlewares/CMSIS-DSP/Source/InterpolationFunctions/arm_linear_interp_f16.o
LOAD ./Middlewares/CMSIS-DSP/Source/InterpolationFunctions/arm_linear_interp_f32.o
LOAD ./Middlewares/CMSIS-DSP/Source/InterpolationFunctions/arm_linear_interp_q15.o
LOAD ./Middlewares/CMSIS-DSP/Source/InterpolationFunctions/arm_linear_interp_q31.o
LOAD ./Middlewares/CMSIS-DSP/Source/InterpolationFunctions/arm_linear_interp_q7.o
LOAD ./Middlewares/CMSIS-DSP/Source/InterpolationFunctions/arm_spline_interp_f32.o
LOAD ./Middlewares/CMSIS-DSP/Source/InterpolationFunctions/arm_spline_interp_init_f32.o
LOAD ./Middlewares/CMSIS-DSP/Source/MatrixFunctions/MatrixFunctionsF16.o
LOAD ./Middlewares/CMSIS-DSP/Source/MatrixFunctions/arm_householder_f16.o
LOAD ./Middlewares/CMSIS-DSP/Source/MatrixFunctions/arm_householder_f32.o
LOAD ./Middlewares/CMSIS-DSP/Source/MatrixFunctions/arm_householder_f64.o
LOAD ./Middlewares/CMSIS-DSP/Source/MatrixFunctions/arm_mat_add_f16.o
LOAD ./Middlewares/CMSIS-DSP/Source/MatrixFunctions/arm_mat_add_f32.o
LOAD ./Middlewares/CMSIS-DSP/Source/MatrixFunctions/arm_mat_add_q15.o
LOAD ./Middlewares/CMSIS-DSP/Source/MatrixFunctions/arm_mat_add_q31.o
LOAD ./Middlewares/CMSIS-DSP/Source/MatrixFunctions/arm_mat_cholesky_f16.o
LOAD ./Middlewares/CMSIS-DSP/Source/MatrixFunctions/arm_mat_cholesky_f32.o
LOAD ./Middlewares/CMSIS-DSP/Source/MatrixFunctions/arm_mat_cholesky_f64.o
LOAD ./Middlewares/CMSIS-DSP/Source/MatrixFunctions/arm_mat_cmplx_mult_f16.o
LOAD ./Middlewares/CMSIS-DSP/Source/MatrixFunctions/arm_mat_cmplx_mult_f32.o
LOAD ./Middlewares/CMSIS-DSP/Source/MatrixFunctions/arm_mat_cmplx_mult_q15.o
LOAD ./Middlewares/CMSIS-DSP/Source/MatrixFunctions/arm_mat_cmplx_mult_q31.o
LOAD ./Middlewares/CMSIS-DSP/Source/MatrixFunctions/arm_mat_cmplx_trans_f16.o
LOAD ./Middlewares/CMSIS-DSP/Source/MatrixFunctions/arm_mat_cmplx_trans_f32.o
LOAD ./Middlewares/CMSIS-DSP/Source/MatrixFunctions/arm_mat_cmplx_trans_q15.o
LOAD ./Middlewares/CMSIS-DSP/Source/MatrixFunctions/arm_mat_cmplx_trans_q31.o
LOAD ./Middlewares/CMSIS-DSP/Source/MatrixFunctions/arm_mat_init_f16.o
LOAD ./Middlewares/CMSIS-DSP/Source/MatrixFunctions/arm_mat_init_f32.o
LOAD ./Middlewares/CMSIS-DSP/Source/MatrixFunctions/arm_mat_init_f64.o
LOAD ./Middlewares/CMSIS-DSP/Source/MatrixFunctions/arm_mat_init_q15.o
LOAD ./Middlewares/CMSIS-DSP/Source/MatrixFunctions/arm_mat_init_q31.o
LOAD ./Middlewares/CMSIS-DSP/Source/MatrixFunctions/arm_mat_inverse_f16.o
LOAD ./Middlewares/CMSIS-DSP/Source/MatrixFunctions/arm_mat_inverse_f32.o
LOAD ./Middlewares/CMSIS-DSP/Source/MatrixFunctions/arm_mat_inverse_f64.o
LOAD ./Middlewares/CMSIS-DSP/Source/MatrixFunctions/arm_mat_ldlt_f32.o
LOAD ./Middlewares/CMSIS-DSP/Source/MatrixFunctions/arm_mat_ldlt_f64.o
LOAD ./Middlewares/CMSIS-DSP/Source/MatrixFunctions/arm_mat_mult_f16.o
LOAD ./Middlewares/CMSIS-DSP/Source/MatrixFunctions/arm_mat_mult_f32.o
LOAD ./Middlewares/CMSIS-DSP/Source/MatrixFunctions/arm_mat_mult_f64.o
LOAD ./Middlewares/CMSIS-DSP/Source/MatrixFunctions/arm_mat_mult_fast_q15.o
LOAD ./Middlewares/CMSIS-DSP/Source/MatrixFunctions/arm_mat_mult_fast_q31.o
LOAD ./Middlewares/CMSIS-DSP/Source/MatrixFunctions/arm_mat_mult_opt_q31.o
LOAD ./Middlewares/CMSIS-DSP/Source/MatrixFunctions/arm_mat_mult_q15.o
LOAD ./Middlewares/CMSIS-DSP/Source/MatrixFunctions/arm_mat_mult_q31.o
LOAD ./Middlewares/CMSIS-DSP/Source/MatrixFunctions/arm_mat_mult_q7.o
LOAD ./Middlewares/CMSIS-DSP/Source/MatrixFunctions/arm_mat_qr_f16.o
LOAD ./Middlewares/CMSIS-DSP/Source/MatrixFunctions/arm_mat_qr_f32.o
LOAD ./Middlewares/CMSIS-DSP/Source/MatrixFunctions/arm_mat_qr_f64.o
LOAD ./Middlewares/CMSIS-DSP/Source/MatrixFunctions/arm_mat_scale_f16.o
LOAD ./Middlewares/CMSIS-DSP/Source/MatrixFunctions/arm_mat_scale_f32.o
LOAD ./Middlewares/CMSIS-DSP/Source/MatrixFunctions/arm_mat_scale_q15.o
LOAD ./Middlewares/CMSIS-DSP/Source/MatrixFunctions/arm_mat_scale_q31.o
LOAD ./Middlewares/CMSIS-DSP/Source/MatrixFunctions/arm_mat_solve_lower_triangular_f16.o
LOAD ./Middlewares/CMSIS-DSP/Source/MatrixFunctions/arm_mat_solve_lower_triangular_f32.o
LOAD ./Middlewares/CMSIS-DSP/Source/MatrixFunctions/arm_mat_solve_lower_triangular_f64.o
LOAD ./Middlewares/CMSIS-DSP/Source/MatrixFunctions/arm_mat_solve_upper_triangular_f16.o
LOAD ./Middlewares/CMSIS-DSP/Source/MatrixFunctions/arm_mat_solve_upper_triangular_f32.o
LOAD ./Middlewares/CMSIS-DSP/Source/MatrixFunctions/arm_mat_solve_upper_triangular_f64.o
LOAD ./Middlewares/CMSIS-DSP/Source/MatrixFunctions/arm_mat_sub_f16.o
LOAD ./Middlewares/CMSIS-DSP/Source/MatrixFunctions/arm_mat_sub_f32.o
LOAD ./Middlewares/CMSIS-DSP/Source/MatrixFunctions/arm_mat_sub_f64.o
LOAD ./Middlewares/CMSIS-DSP/Source/MatrixFunctions/arm_mat_sub_q15.o
LOAD ./Middlewares/CMSIS-DSP/Source/MatrixFunctions/arm_mat_sub_q31.o
LOAD ./Middlewares/CMSIS-DSP/Source/MatrixFunctions/arm_mat_trans_f16.o
LOAD ./Middlewares/CMSIS-DSP/Source/MatrixFunctions/arm_mat_trans_f32.o
LOAD ./Middlewares/CMSIS-DSP/Source/MatrixFunctions/arm_mat_trans_f64.o
LOAD ./Middlewares/CMSIS-DSP/Source/MatrixFunctions/arm_mat_trans_q15.o
LOAD ./Middlewares/CMSIS-DSP/Source/MatrixFunctions/arm_mat_trans_q31.o
LOAD ./Middlewares/CMSIS-DSP/Source/MatrixFunctions/arm_mat_trans_q7.o
LOAD ./Middlewares/CMSIS-DSP/Source/MatrixFunctions/arm_mat_vec_mult_f16.o
LOAD ./Middlewares/CMSIS-DSP/Source/MatrixFunctions/arm_mat_vec_mult_f32.o
LOAD ./Middlewares/CMSIS-DSP/Source/MatrixFunctions/arm_mat_vec_mult_q15.o
LOAD ./Middlewares/CMSIS-DSP/Source/MatrixFunctions/arm_mat_vec_mult_q31.o
LOAD ./Middlewares/CMSIS-DSP/Source/MatrixFunctions/arm_mat_vec_mult_q7.o
LOAD ./Middlewares/CMSIS-DSP/Source/QuaternionMathFunctions/arm_quaternion2rotation_f32.o
LOAD ./Middlewares/CMSIS-DSP/Source/QuaternionMathFunctions/arm_quaternion_conjugate_f32.o
LOAD ./Middlewares/CMSIS-DSP/Source/QuaternionMathFunctions/arm_quaternion_inverse_f32.o
LOAD ./Middlewares/CMSIS-DSP/Source/QuaternionMathFunctions/arm_quaternion_norm_f32.o
LOAD ./Middlewares/CMSIS-DSP/Source/QuaternionMathFunctions/arm_quaternion_normalize_f32.o
LOAD ./Middlewares/CMSIS-DSP/Source/QuaternionMathFunctions/arm_quaternion_product_f32.o
LOAD ./Middlewares/CMSIS-DSP/Source/QuaternionMathFunctions/arm_quaternion_product_single_f32.o
LOAD ./Middlewares/CMSIS-DSP/Source/QuaternionMathFunctions/arm_rotation2quaternion_f32.o
LOAD ./Middlewares/CMSIS-DSP/Source/SVMFunctions/SVMFunctionsF16.o
LOAD ./Middlewares/CMSIS-DSP/Source/SVMFunctions/arm_svm_linear_init_f16.o
LOAD ./Middlewares/CMSIS-DSP/Source/SVMFunctions/arm_svm_linear_init_f32.o
LOAD ./Middlewares/CMSIS-DSP/Source/SVMFunctions/arm_svm_linear_predict_f16.o
LOAD ./Middlewares/CMSIS-DSP/Source/SVMFunctions/arm_svm_linear_predict_f32.o
LOAD ./Middlewares/CMSIS-DSP/Source/SVMFunctions/arm_svm_polynomial_init_f16.o
LOAD ./Middlewares/CMSIS-DSP/Source/SVMFunctions/arm_svm_polynomial_init_f32.o
LOAD ./Middlewares/CMSIS-DSP/Source/SVMFunctions/arm_svm_polynomial_predict_f16.o
LOAD ./Middlewares/CMSIS-DSP/Source/SVMFunctions/arm_svm_polynomial_predict_f32.o
LOAD ./Middlewares/CMSIS-DSP/Source/SVMFunctions/arm_svm_rbf_init_f16.o
LOAD ./Middlewares/CMSIS-DSP/Source/SVMFunctions/arm_svm_rbf_init_f32.o
LOAD ./Middlewares/CMSIS-DSP/Source/SVMFunctions/arm_svm_rbf_predict_f16.o
LOAD ./Middlewares/CMSIS-DSP/Source/SVMFunctions/arm_svm_rbf_predict_f32.o
LOAD ./Middlewares/CMSIS-DSP/Source/SVMFunctions/arm_svm_sigmoid_init_f16.o
LOAD ./Middlewares/CMSIS-DSP/Source/SVMFunctions/arm_svm_sigmoid_init_f32.o
LOAD ./Middlewares/CMSIS-DSP/Source/SVMFunctions/arm_svm_sigmoid_predict_f16.o
LOAD ./Middlewares/CMSIS-DSP/Source/SVMFunctions/arm_svm_sigmoid_predict_f32.o
LOAD ./Middlewares/CMSIS-DSP/Source/StatisticsFunctions/StatisticsFunctionsF16.o
LOAD ./Middlewares/CMSIS-DSP/Source/StatisticsFunctions/arm_absmax_f16.o
LOAD ./Middlewares/CMSIS-DSP/Source/StatisticsFunctions/arm_absmax_f32.o
LOAD ./Middlewares/CMSIS-DSP/Source/StatisticsFunctions/arm_absmax_f64.o
LOAD ./Middlewares/CMSIS-DSP/Source/StatisticsFunctions/arm_absmax_no_idx_f16.o
LOAD ./Middlewares/CMSIS-DSP/Source/StatisticsFunctions/arm_absmax_no_idx_f32.o
LOAD ./Middlewares/CMSIS-DSP/Source/StatisticsFunctions/arm_absmax_no_idx_f64.o
LOAD ./Middlewares/CMSIS-DSP/Source/StatisticsFunctions/arm_absmax_no_idx_q15.o
LOAD ./Middlewares/CMSIS-DSP/Source/StatisticsFunctions/arm_absmax_no_idx_q31.o
LOAD ./Middlewares/CMSIS-DSP/Source/StatisticsFunctions/arm_absmax_no_idx_q7.o
LOAD ./Middlewares/CMSIS-DSP/Source/StatisticsFunctions/arm_absmax_q15.o
LOAD ./Middlewares/CMSIS-DSP/Source/StatisticsFunctions/arm_absmax_q31.o
LOAD ./Middlewares/CMSIS-DSP/Source/StatisticsFunctions/arm_absmax_q7.o
LOAD ./Middlewares/CMSIS-DSP/Source/StatisticsFunctions/arm_absmin_f16.o
LOAD ./Middlewares/CMSIS-DSP/Source/StatisticsFunctions/arm_absmin_f32.o
LOAD ./Middlewares/CMSIS-DSP/Source/StatisticsFunctions/arm_absmin_f64.o
LOAD ./Middlewares/CMSIS-DSP/Source/StatisticsFunctions/arm_absmin_no_idx_f16.o
LOAD ./Middlewares/CMSIS-DSP/Source/StatisticsFunctions/arm_absmin_no_idx_f32.o
LOAD ./Middlewares/CMSIS-DSP/Source/StatisticsFunctions/arm_absmin_no_idx_f64.o
LOAD ./Middlewares/CMSIS-DSP/Source/StatisticsFunctions/arm_absmin_no_idx_q15.o
LOAD ./Middlewares/CMSIS-DSP/Source/StatisticsFunctions/arm_absmin_no_idx_q31.o
LOAD ./Middlewares/CMSIS-DSP/Source/StatisticsFunctions/arm_absmin_no_idx_q7.o
LOAD ./Middlewares/CMSIS-DSP/Source/StatisticsFunctions/arm_absmin_q15.o
LOAD ./Middlewares/CMSIS-DSP/Source/StatisticsFunctions/arm_absmin_q31.o
LOAD ./Middlewares/CMSIS-DSP/Source/StatisticsFunctions/arm_absmin_q7.o
LOAD ./Middlewares/CMSIS-DSP/Source/StatisticsFunctions/arm_accumulate_f16.o
LOAD ./Middlewares/CMSIS-DSP/Source/StatisticsFunctions/arm_accumulate_f32.o
LOAD ./Middlewares/CMSIS-DSP/Source/StatisticsFunctions/arm_accumulate_f64.o
LOAD ./Middlewares/CMSIS-DSP/Source/StatisticsFunctions/arm_entropy_f16.o
LOAD ./Middlewares/CMSIS-DSP/Source/StatisticsFunctions/arm_entropy_f32.o
LOAD ./Middlewares/CMSIS-DSP/Source/StatisticsFunctions/arm_entropy_f64.o
LOAD ./Middlewares/CMSIS-DSP/Source/StatisticsFunctions/arm_kullback_leibler_f16.o
LOAD ./Middlewares/CMSIS-DSP/Source/StatisticsFunctions/arm_kullback_leibler_f32.o
LOAD ./Middlewares/CMSIS-DSP/Source/StatisticsFunctions/arm_kullback_leibler_f64.o
LOAD ./Middlewares/CMSIS-DSP/Source/StatisticsFunctions/arm_logsumexp_dot_prod_f16.o
LOAD ./Middlewares/CMSIS-DSP/Source/StatisticsFunctions/arm_logsumexp_dot_prod_f32.o
LOAD ./Middlewares/CMSIS-DSP/Source/StatisticsFunctions/arm_logsumexp_f16.o
LOAD ./Middlewares/CMSIS-DSP/Source/StatisticsFunctions/arm_logsumexp_f32.o
LOAD ./Middlewares/CMSIS-DSP/Source/StatisticsFunctions/arm_max_f16.o
LOAD ./Middlewares/CMSIS-DSP/Source/StatisticsFunctions/arm_max_f32.o
LOAD ./Middlewares/CMSIS-DSP/Source/StatisticsFunctions/arm_max_f64.o
LOAD ./Middlewares/CMSIS-DSP/Source/StatisticsFunctions/arm_max_no_idx_f16.o
LOAD ./Middlewares/CMSIS-DSP/Source/StatisticsFunctions/arm_max_no_idx_f32.o
LOAD ./Middlewares/CMSIS-DSP/Source/StatisticsFunctions/arm_max_no_idx_f64.o
LOAD ./Middlewares/CMSIS-DSP/Source/StatisticsFunctions/arm_max_no_idx_q15.o
LOAD ./Middlewares/CMSIS-DSP/Source/StatisticsFunctions/arm_max_no_idx_q31.o
LOAD ./Middlewares/CMSIS-DSP/Source/StatisticsFunctions/arm_max_no_idx_q7.o
LOAD ./Middlewares/CMSIS-DSP/Source/StatisticsFunctions/arm_max_q15.o
LOAD ./Middlewares/CMSIS-DSP/Source/StatisticsFunctions/arm_max_q31.o
LOAD ./Middlewares/CMSIS-DSP/Source/StatisticsFunctions/arm_max_q7.o
LOAD ./Middlewares/CMSIS-DSP/Source/StatisticsFunctions/arm_mean_f16.o
LOAD ./Middlewares/CMSIS-DSP/Source/StatisticsFunctions/arm_mean_f32.o
LOAD ./Middlewares/CMSIS-DSP/Source/StatisticsFunctions/arm_mean_f64.o
LOAD ./Middlewares/CMSIS-DSP/Source/StatisticsFunctions/arm_mean_q15.o
LOAD ./Middlewares/CMSIS-DSP/Source/StatisticsFunctions/arm_mean_q31.o
LOAD ./Middlewares/CMSIS-DSP/Source/StatisticsFunctions/arm_mean_q7.o
LOAD ./Middlewares/CMSIS-DSP/Source/StatisticsFunctions/arm_min_f16.o
LOAD ./Middlewares/CMSIS-DSP/Source/StatisticsFunctions/arm_min_f32.o
LOAD ./Middlewares/CMSIS-DSP/Source/StatisticsFunctions/arm_min_f64.o
LOAD ./Middlewares/CMSIS-DSP/Source/StatisticsFunctions/arm_min_no_idx_f16.o
LOAD ./Middlewares/CMSIS-DSP/Source/StatisticsFunctions/arm_min_no_idx_f32.o
LOAD ./Middlewares/CMSIS-DSP/Source/StatisticsFunctions/arm_min_no_idx_f64.o
LOAD ./Middlewares/CMSIS-DSP/Source/StatisticsFunctions/arm_min_no_idx_q15.o
LOAD ./Middlewares/CMSIS-DSP/Source/StatisticsFunctions/arm_min_no_idx_q31.o
LOAD ./Middlewares/CMSIS-DSP/Source/StatisticsFunctions/arm_min_no_idx_q7.o
LOAD ./Middlewares/CMSIS-DSP/Source/StatisticsFunctions/arm_min_q15.o
LOAD ./Middlewares/CMSIS-DSP/Source/StatisticsFunctions/arm_min_q31.o
LOAD ./Middlewares/CMSIS-DSP/Source/StatisticsFunctions/arm_min_q7.o
LOAD ./Middlewares/CMSIS-DSP/Source/StatisticsFunctions/arm_mse_f16.o
LOAD ./Middlewares/CMSIS-DSP/Source/StatisticsFunctions/arm_mse_f32.o
LOAD ./Middlewares/CMSIS-DSP/Source/StatisticsFunctions/arm_mse_f64.o
LOAD ./Middlewares/CMSIS-DSP/Source/StatisticsFunctions/arm_mse_q15.o
LOAD ./Middlewares/CMSIS-DSP/Source/StatisticsFunctions/arm_mse_q31.o
LOAD ./Middlewares/CMSIS-DSP/Source/StatisticsFunctions/arm_mse_q7.o
LOAD ./Middlewares/CMSIS-DSP/Source/StatisticsFunctions/arm_power_f16.o
LOAD ./Middlewares/CMSIS-DSP/Source/StatisticsFunctions/arm_power_f32.o
LOAD ./Middlewares/CMSIS-DSP/Source/StatisticsFunctions/arm_power_f64.o
LOAD ./Middlewares/CMSIS-DSP/Source/StatisticsFunctions/arm_power_q15.o
LOAD ./Middlewares/CMSIS-DSP/Source/StatisticsFunctions/arm_power_q31.o
LOAD ./Middlewares/CMSIS-DSP/Source/StatisticsFunctions/arm_power_q7.o
LOAD ./Middlewares/CMSIS-DSP/Source/StatisticsFunctions/arm_rms_f16.o
LOAD ./Middlewares/CMSIS-DSP/Source/StatisticsFunctions/arm_rms_f32.o
LOAD ./Middlewares/CMSIS-DSP/Source/StatisticsFunctions/arm_rms_q15.o
LOAD ./Middlewares/CMSIS-DSP/Source/StatisticsFunctions/arm_rms_q31.o
LOAD ./Middlewares/CMSIS-DSP/Source/StatisticsFunctions/arm_std_f16.o
LOAD ./Middlewares/CMSIS-DSP/Source/StatisticsFunctions/arm_std_f32.o
LOAD ./Middlewares/CMSIS-DSP/Source/StatisticsFunctions/arm_std_f64.o
LOAD ./Middlewares/CMSIS-DSP/Source/StatisticsFunctions/arm_std_q15.o
LOAD ./Middlewares/CMSIS-DSP/Source/StatisticsFunctions/arm_std_q31.o
LOAD ./Middlewares/CMSIS-DSP/Source/StatisticsFunctions/arm_var_f16.o
LOAD ./Middlewares/CMSIS-DSP/Source/StatisticsFunctions/arm_var_f32.o
LOAD ./Middlewares/CMSIS-DSP/Source/StatisticsFunctions/arm_var_f64.o
LOAD ./Middlewares/CMSIS-DSP/Source/StatisticsFunctions/arm_var_q15.o
LOAD ./Middlewares/CMSIS-DSP/Source/StatisticsFunctions/arm_var_q31.o
LOAD ./Middlewares/CMSIS-DSP/Source/SupportFunctions/SupportFunctionsF16.o
LOAD ./Middlewares/CMSIS-DSP/Source/SupportFunctions/arm_barycenter_f16.o
LOAD ./Middlewares/CMSIS-DSP/Source/SupportFunctions/arm_barycenter_f32.o
LOAD ./Middlewares/CMSIS-DSP/Source/SupportFunctions/arm_bitonic_sort_f32.o
LOAD ./Middlewares/CMSIS-DSP/Source/SupportFunctions/arm_bubble_sort_f32.o
LOAD ./Middlewares/CMSIS-DSP/Source/SupportFunctions/arm_copy_f16.o
LOAD ./Middlewares/CMSIS-DSP/Source/SupportFunctions/arm_copy_f32.o
LOAD ./Middlewares/CMSIS-DSP/Source/SupportFunctions/arm_copy_f64.o
LOAD ./Middlewares/CMSIS-DSP/Source/SupportFunctions/arm_copy_q15.o
LOAD ./Middlewares/CMSIS-DSP/Source/SupportFunctions/arm_copy_q31.o
LOAD ./Middlewares/CMSIS-DSP/Source/SupportFunctions/arm_copy_q7.o
LOAD ./Middlewares/CMSIS-DSP/Source/SupportFunctions/arm_f16_to_f64.o
LOAD ./Middlewares/CMSIS-DSP/Source/SupportFunctions/arm_f16_to_float.o
LOAD ./Middlewares/CMSIS-DSP/Source/SupportFunctions/arm_f16_to_q15.o
LOAD ./Middlewares/CMSIS-DSP/Source/SupportFunctions/arm_f64_to_f16.o
LOAD ./Middlewares/CMSIS-DSP/Source/SupportFunctions/arm_f64_to_float.o
LOAD ./Middlewares/CMSIS-DSP/Source/SupportFunctions/arm_f64_to_q15.o
LOAD ./Middlewares/CMSIS-DSP/Source/SupportFunctions/arm_f64_to_q31.o
LOAD ./Middlewares/CMSIS-DSP/Source/SupportFunctions/arm_f64_to_q7.o
LOAD ./Middlewares/CMSIS-DSP/Source/SupportFunctions/arm_fill_f16.o
LOAD ./Middlewares/CMSIS-DSP/Source/SupportFunctions/arm_fill_f32.o
LOAD ./Middlewares/CMSIS-DSP/Source/SupportFunctions/arm_fill_f64.o
LOAD ./Middlewares/CMSIS-DSP/Source/SupportFunctions/arm_fill_q15.o
LOAD ./Middlewares/CMSIS-DSP/Source/SupportFunctions/arm_fill_q31.o
LOAD ./Middlewares/CMSIS-DSP/Source/SupportFunctions/arm_fill_q7.o
LOAD ./Middlewares/CMSIS-DSP/Source/SupportFunctions/arm_float_to_f16.o
LOAD ./Middlewares/CMSIS-DSP/Source/SupportFunctions/arm_float_to_f64.o
LOAD ./Middlewares/CMSIS-DSP/Source/SupportFunctions/arm_float_to_q15.o
LOAD ./Middlewares/CMSIS-DSP/Source/SupportFunctions/arm_float_to_q31.o
LOAD ./Middlewares/CMSIS-DSP/Source/SupportFunctions/arm_float_to_q7.o
LOAD ./Middlewares/CMSIS-DSP/Source/SupportFunctions/arm_heap_sort_f32.o
LOAD ./Middlewares/CMSIS-DSP/Source/SupportFunctions/arm_insertion_sort_f32.o
LOAD ./Middlewares/CMSIS-DSP/Source/SupportFunctions/arm_merge_sort_f32.o
LOAD ./Middlewares/CMSIS-DSP/Source/SupportFunctions/arm_merge_sort_init_f32.o
LOAD ./Middlewares/CMSIS-DSP/Source/SupportFunctions/arm_q15_to_f16.o
LOAD ./Middlewares/CMSIS-DSP/Source/SupportFunctions/arm_q15_to_f64.o
LOAD ./Middlewares/CMSIS-DSP/Source/SupportFunctions/arm_q15_to_float.o
LOAD ./Middlewares/CMSIS-DSP/Source/SupportFunctions/arm_q15_to_q31.o
LOAD ./Middlewares/CMSIS-DSP/Source/SupportFunctions/arm_q15_to_q7.o
LOAD ./Middlewares/CMSIS-DSP/Source/SupportFunctions/arm_q31_to_f64.o
LOAD ./Middlewares/CMSIS-DSP/Source/SupportFunctions/arm_q31_to_float.o
LOAD ./Middlewares/CMSIS-DSP/Source/SupportFunctions/arm_q31_to_q15.o
LOAD ./Middlewares/CMSIS-DSP/Source/SupportFunctions/arm_q31_to_q7.o
LOAD ./Middlewares/CMSIS-DSP/Source/SupportFunctions/arm_q7_to_f64.o
LOAD ./Middlewares/CMSIS-DSP/Source/SupportFunctions/arm_q7_to_float.o
LOAD ./Middlewares/CMSIS-DSP/Source/SupportFunctions/arm_q7_to_q15.o
LOAD ./Middlewares/CMSIS-DSP/Source/SupportFunctions/arm_q7_to_q31.o
LOAD ./Middlewares/CMSIS-DSP/Source/SupportFunctions/arm_quick_sort_f32.o
LOAD ./Middlewares/CMSIS-DSP/Source/SupportFunctions/arm_selection_sort_f32.o
LOAD ./Middlewares/CMSIS-DSP/Source/SupportFunctions/arm_sort_f32.o
LOAD ./Middlewares/CMSIS-DSP/Source/SupportFunctions/arm_sort_init_f32.o
LOAD ./Middlewares/CMSIS-DSP/Source/SupportFunctions/arm_weighted_average_f16.o
LOAD ./Middlewares/CMSIS-DSP/Source/SupportFunctions/arm_weighted_average_f32.o
LOAD ./Middlewares/CMSIS-DSP/Source/TransformFunctions/TransformFunctionsF16.o
LOAD ./Middlewares/CMSIS-DSP/Source/TransformFunctions/arm_bitreversal.o
LOAD ./Middlewares/CMSIS-DSP/Source/TransformFunctions/arm_bitreversal2.o
LOAD ./Middlewares/CMSIS-DSP/Source/TransformFunctions/arm_bitreversal_f16.o
LOAD ./Middlewares/CMSIS-DSP/Source/TransformFunctions/arm_cfft_f16.o
LOAD ./Middlewares/CMSIS-DSP/Source/TransformFunctions/arm_cfft_f32.o
LOAD ./Middlewares/CMSIS-DSP/Source/TransformFunctions/arm_cfft_f64.o
LOAD ./Middlewares/CMSIS-DSP/Source/TransformFunctions/arm_cfft_init_f16.o
LOAD ./Middlewares/CMSIS-DSP/Source/TransformFunctions/arm_cfft_init_f32.o
LOAD ./Middlewares/CMSIS-DSP/Source/TransformFunctions/arm_cfft_init_f64.o
LOAD ./Middlewares/CMSIS-DSP/Source/TransformFunctions/arm_cfft_init_q15.o
LOAD ./Middlewares/CMSIS-DSP/Source/TransformFunctions/arm_cfft_init_q31.o
LOAD ./Middlewares/CMSIS-DSP/Source/TransformFunctions/arm_cfft_q15.o
LOAD ./Middlewares/CMSIS-DSP/Source/TransformFunctions/arm_cfft_q31.o
LOAD ./Middlewares/CMSIS-DSP/Source/TransformFunctions/arm_cfft_radix2_f16.o
LOAD ./Middlewares/CMSIS-DSP/Source/TransformFunctions/arm_cfft_radix2_f32.o
LOAD ./Middlewares/CMSIS-DSP/Source/TransformFunctions/arm_cfft_radix2_init_f16.o
LOAD ./Middlewares/CMSIS-DSP/Source/TransformFunctions/arm_cfft_radix2_init_f32.o
LOAD ./Middlewares/CMSIS-DSP/Source/TransformFunctions/arm_cfft_radix2_init_q15.o
LOAD ./Middlewares/CMSIS-DSP/Source/TransformFunctions/arm_cfft_radix2_init_q31.o
LOAD ./Middlewares/CMSIS-DSP/Source/TransformFunctions/arm_cfft_radix2_q15.o
LOAD ./Middlewares/CMSIS-DSP/Source/TransformFunctions/arm_cfft_radix2_q31.o
LOAD ./Middlewares/CMSIS-DSP/Source/TransformFunctions/arm_cfft_radix4_f16.o
LOAD ./Middlewares/CMSIS-DSP/Source/TransformFunctions/arm_cfft_radix4_f32.o
LOAD ./Middlewares/CMSIS-DSP/Source/TransformFunctions/arm_cfft_radix4_init_f16.o
LOAD ./Middlewares/CMSIS-DSP/Source/TransformFunctions/arm_cfft_radix4_init_f32.o
LOAD ./Middlewares/CMSIS-DSP/Source/TransformFunctions/arm_cfft_radix4_init_q15.o
LOAD ./Middlewares/CMSIS-DSP/Source/TransformFunctions/arm_cfft_radix4_init_q31.o
LOAD ./Middlewares/CMSIS-DSP/Source/TransformFunctions/arm_cfft_radix4_q15.o
LOAD ./Middlewares/CMSIS-DSP/Source/TransformFunctions/arm_cfft_radix4_q31.o
LOAD ./Middlewares/CMSIS-DSP/Source/TransformFunctions/arm_cfft_radix8_f16.o
LOAD ./Middlewares/CMSIS-DSP/Source/TransformFunctions/arm_cfft_radix8_f32.o
LOAD ./Middlewares/CMSIS-DSP/Source/TransformFunctions/arm_dct4_f32.o
LOAD ./Middlewares/CMSIS-DSP/Source/TransformFunctions/arm_dct4_init_f32.o
LOAD ./Middlewares/CMSIS-DSP/Source/TransformFunctions/arm_dct4_init_q15.o
LOAD ./Middlewares/CMSIS-DSP/Source/TransformFunctions/arm_dct4_init_q31.o
LOAD ./Middlewares/CMSIS-DSP/Source/TransformFunctions/arm_dct4_q15.o
LOAD ./Middlewares/CMSIS-DSP/Source/TransformFunctions/arm_dct4_q31.o
LOAD ./Middlewares/CMSIS-DSP/Source/TransformFunctions/arm_mfcc_f16.o
LOAD ./Middlewares/CMSIS-DSP/Source/TransformFunctions/arm_mfcc_f32.o
LOAD ./Middlewares/CMSIS-DSP/Source/TransformFunctions/arm_mfcc_init_f16.o
LOAD ./Middlewares/CMSIS-DSP/Source/TransformFunctions/arm_mfcc_init_f32.o
LOAD ./Middlewares/CMSIS-DSP/Source/TransformFunctions/arm_mfcc_init_q15.o
LOAD ./Middlewares/CMSIS-DSP/Source/TransformFunctions/arm_mfcc_init_q31.o
LOAD ./Middlewares/CMSIS-DSP/Source/TransformFunctions/arm_mfcc_q15.o
LOAD ./Middlewares/CMSIS-DSP/Source/TransformFunctions/arm_mfcc_q31.o
LOAD ./Middlewares/CMSIS-DSP/Source/TransformFunctions/arm_rfft_f32.o
LOAD ./Middlewares/CMSIS-DSP/Source/TransformFunctions/arm_rfft_fast_f16.o
LOAD ./Middlewares/CMSIS-DSP/Source/TransformFunctions/arm_rfft_fast_f32.o
LOAD ./Middlewares/CMSIS-DSP/Source/TransformFunctions/arm_rfft_fast_f64.o
LOAD ./Middlewares/CMSIS-DSP/Source/TransformFunctions/arm_rfft_fast_init_f16.o
LOAD ./Middlewares/CMSIS-DSP/Source/TransformFunctions/arm_rfft_fast_init_f32.o
LOAD ./Middlewares/CMSIS-DSP/Source/TransformFunctions/arm_rfft_fast_init_f64.o
LOAD ./Middlewares/CMSIS-DSP/Source/TransformFunctions/arm_rfft_init_f32.o
LOAD ./Middlewares/CMSIS-DSP/Source/TransformFunctions/arm_rfft_init_q15.o
LOAD ./Middlewares/CMSIS-DSP/Source/TransformFunctions/arm_rfft_init_q31.o
LOAD ./Middlewares/CMSIS-DSP/Source/TransformFunctions/arm_rfft_q15.o
LOAD ./Middlewares/CMSIS-DSP/Source/TransformFunctions/arm_rfft_q31.o
LOAD ./Middlewares/CMSIS-DSP/Source/WindowFunctions/arm_bartlett_f32.o
LOAD ./Middlewares/CMSIS-DSP/Source/WindowFunctions/arm_bartlett_f64.o
LOAD ./Middlewares/CMSIS-DSP/Source/WindowFunctions/arm_blackman_harris_92db_f32.o
LOAD ./Middlewares/CMSIS-DSP/Source/WindowFunctions/arm_blackman_harris_92db_f64.o
LOAD ./Middlewares/CMSIS-DSP/Source/WindowFunctions/arm_hamming_f32.o
LOAD ./Middlewares/CMSIS-DSP/Source/WindowFunctions/arm_hamming_f64.o
LOAD ./Middlewares/CMSIS-DSP/Source/WindowFunctions/arm_hanning_f32.o
LOAD ./Middlewares/CMSIS-DSP/Source/WindowFunctions/arm_hanning_f64.o
LOAD ./Middlewares/CMSIS-DSP/Source/WindowFunctions/arm_hft116d_f32.o
LOAD ./Middlewares/CMSIS-DSP/Source/WindowFunctions/arm_hft116d_f64.o
LOAD ./Middlewares/CMSIS-DSP/Source/WindowFunctions/arm_hft144d_f32.o
LOAD ./Middlewares/CMSIS-DSP/Source/WindowFunctions/arm_hft144d_f64.o
LOAD ./Middlewares/CMSIS-DSP/Source/WindowFunctions/arm_hft169d_f32.o
LOAD ./Middlewares/CMSIS-DSP/Source/WindowFunctions/arm_hft169d_f64.o
LOAD ./Middlewares/CMSIS-DSP/Source/WindowFunctions/arm_hft196d_f32.o
LOAD ./Middlewares/CMSIS-DSP/Source/WindowFunctions/arm_hft196d_f64.o
LOAD ./Middlewares/CMSIS-DSP/Source/WindowFunctions/arm_hft223d_f32.o
LOAD ./Middlewares/CMSIS-DSP/Source/WindowFunctions/arm_hft223d_f64.o
LOAD ./Middlewares/CMSIS-DSP/Source/WindowFunctions/arm_hft248d_f32.o
LOAD ./Middlewares/CMSIS-DSP/Source/WindowFunctions/arm_hft248d_f64.o
LOAD ./Middlewares/CMSIS-DSP/Source/WindowFunctions/arm_hft90d_f32.o
LOAD ./Middlewares/CMSIS-DSP/Source/WindowFunctions/arm_hft90d_f64.o
LOAD ./Middlewares/CMSIS-DSP/Source/WindowFunctions/arm_hft95_f32.o
LOAD ./Middlewares/CMSIS-DSP/Source/WindowFunctions/arm_hft95_f64.o
LOAD ./Middlewares/CMSIS-DSP/Source/WindowFunctions/arm_nuttall3_f32.o
LOAD ./Middlewares/CMSIS-DSP/Source/WindowFunctions/arm_nuttall3_f64.o
LOAD ./Middlewares/CMSIS-DSP/Source/WindowFunctions/arm_nuttall3a_f32.o
LOAD ./Middlewares/CMSIS-DSP/Source/WindowFunctions/arm_nuttall3a_f64.o
LOAD ./Middlewares/CMSIS-DSP/Source/WindowFunctions/arm_nuttall3b_f32.o
LOAD ./Middlewares/CMSIS-DSP/Source/WindowFunctions/arm_nuttall3b_f64.o
LOAD ./Middlewares/CMSIS-DSP/Source/WindowFunctions/arm_nuttall4_f32.o
LOAD ./Middlewares/CMSIS-DSP/Source/WindowFunctions/arm_nuttall4_f64.o
LOAD ./Middlewares/CMSIS-DSP/Source/WindowFunctions/arm_nuttall4a_f32.o
LOAD ./Middlewares/CMSIS-DSP/Source/WindowFunctions/arm_nuttall4a_f64.o
LOAD ./Middlewares/CMSIS-DSP/Source/WindowFunctions/arm_nuttall4b_f32.o
LOAD ./Middlewares/CMSIS-DSP/Source/WindowFunctions/arm_nuttall4b_f64.o
LOAD ./Middlewares/CMSIS-DSP/Source/WindowFunctions/arm_nuttall4c_f32.o
LOAD ./Middlewares/CMSIS-DSP/Source/WindowFunctions/arm_nuttall4c_f64.o
LOAD ./Middlewares/CMSIS-DSP/Source/WindowFunctions/arm_welch_f32.o
LOAD ./Middlewares/CMSIS-DSP/Source/WindowFunctions/arm_welch_f64.o
START GROUP
LOAD C:/ST/STM32CubeIDE_1.19.0/STM32CubeIDE/plugins/com.st.stm32cube.ide.mcu.externaltools.gnu-tools-for-stm32.13.3.rel1.win32_1.0.0.202411081344/tools/bin/../lib/gcc/arm-none-eabi/13.3.1/../../../../arm-none-eabi/lib/thumb/v7e-m+dp/hard\libc_nano.a
LOAD C:/ST/STM32CubeIDE_1.19.0/STM32CubeIDE/plugins/com.st.stm32cube.ide.mcu.externaltools.gnu-tools-for-stm32.13.3.rel1.win32_1.0.0.202411081344/tools/bin/../lib/gcc/arm-none-eabi/13.3.1/../../../../arm-none-eabi/lib/thumb/v7e-m+dp/hard\libm.a
END GROUP
START GROUP
LOAD C:/ST/STM32CubeIDE_1.19.0/STM32CubeIDE/plugins/com.st.stm32cube.ide.mcu.externaltools.gnu-tools-for-stm32.13.3.rel1.win32_1.0.0.202411081344/tools/bin/../lib/gcc/arm-none-eabi/13.3.1/thumb/v7e-m+dp/hard\libgcc.a
LOAD C:/ST/STM32CubeIDE_1.19.0/STM32CubeIDE/plugins/com.st.stm32cube.ide.mcu.externaltools.gnu-tools-for-stm32.13.3.rel1.win32_1.0.0.202411081344/tools/bin/../lib/gcc/arm-none-eabi/13.3.1/../../../../arm-none-eabi/lib/thumb/v7e-m+dp/hard\libc_nano.a
END GROUP
START GROUP
LOAD C:/ST/STM32CubeIDE_1.19.0/STM32CubeIDE/plugins/com.st.stm32cube.ide.mcu.externaltools.gnu-tools-for-stm32.13.3.rel1.win32_1.0.0.202411081344/tools/bin/../lib/gcc/arm-none-eabi/13.3.1/thumb/v7e-m+dp/hard\libgcc.a
LOAD C:/ST/STM32CubeIDE_1.19.0/STM32CubeIDE/plugins/com.st.stm32cube.ide.mcu.externaltools.gnu-tools-for-stm32.13.3.rel1.win32_1.0.0.202411081344/tools/bin/../lib/gcc/arm-none-eabi/13.3.1/../../../../arm-none-eabi/lib/thumb/v7e-m+dp/hard\libc_nano.a
LOAD C:/ST/STM32CubeIDE_1.19.0/STM32CubeIDE/plugins/com.st.stm32cube.ide.mcu.externaltools.gnu-tools-for-stm32.13.3.rel1.win32_1.0.0.202411081344/tools/bin/../lib/gcc/arm-none-eabi/13.3.1/../../../../arm-none-eabi/lib/thumb/v7e-m+dp/hard\libnosys.a
END GROUP
START GROUP
LOAD C:/ST/STM32CubeIDE_1.19.0/STM32CubeIDE/plugins/com.st.stm32cube.ide.mcu.externaltools.gnu-tools-for-stm32.13.3.rel1.win32_1.0.0.202411081344/tools/bin/../lib/gcc/arm-none-eabi/13.3.1/thumb/v7e-m+dp/hard\libgcc.a
LOAD C:/ST/STM32CubeIDE_1.19.0/STM32CubeIDE/plugins/com.st.stm32cube.ide.mcu.externaltools.gnu-tools-for-stm32.13.3.rel1.win32_1.0.0.202411081344/tools/bin/../lib/gcc/arm-none-eabi/13.3.1/../../../../arm-none-eabi/lib/thumb/v7e-m+dp/hard\libc_nano.a
LOAD C:/ST/STM32CubeIDE_1.19.0/STM32CubeIDE/plugins/com.st.stm32cube.ide.mcu.externaltools.gnu-tools-for-stm32.13.3.rel1.win32_1.0.0.202411081344/tools/bin/../lib/gcc/arm-none-eabi/13.3.1/../../../../arm-none-eabi/lib/thumb/v7e-m+dp/hard\libnosys.a
END GROUP
LOAD C:/ST/STM32CubeIDE_1.19.0/STM32CubeIDE/plugins/com.st.stm32cube.ide.mcu.externaltools.gnu-tools-for-stm32.13.3.rel1.win32_1.0.0.202411081344/tools/bin/../lib/gcc/arm-none-eabi/13.3.1/thumb/v7e-m+dp/hard/crtend.o
LOAD C:/ST/STM32CubeIDE_1.19.0/STM32CubeIDE/plugins/com.st.stm32cube.ide.mcu.externaltools.gnu-tools-for-stm32.13.3.rel1.win32_1.0.0.202411081344/tools/bin/../lib/gcc/arm-none-eabi/13.3.1/thumb/v7e-m+dp/hard/crtn.o
                0x20010000                        _estack = (ORIGIN (DTCM) + LENGTH (DTCM))
                0x00000200                        _Min_Heap_Size = 0x200
                0x00000400                        _Min_Stack_Size = 0x400
                0x70000000                        __FLASH_BEGIN = 0x70000000
                0x08000000                        __FLASH_SIZE = 0x8000000
                0x24000000                        __RAM_BEGIN = 0x24000000
                0x00071c00                        __RAM_SIZE = 0x71c00
                0x00000400                        __RAM_NONCACHEABLEBUFFER_SIZE = 0x400

.isr_vector     0x70000000      0x2b0
                0x70000000                        . = ALIGN (0x4)
 *(.isr_vector)
 .isr_vector    0x70000000      0x2b0 ./Core/Startup/startup_stm32h7s3l8hx.o
                0x70000000                g_pfnVectors
                0x700002b0                        . = ALIGN (0x4)

.text           0x700002b0     0x6e20
                0x700002b0                        . = ALIGN (0x4)
 *(.text)
 .text          0x700002b0       0x40 C:/ST/STM32CubeIDE_1.19.0/STM32CubeIDE/plugins/com.st.stm32cube.ide.mcu.externaltools.gnu-tools-for-stm32.13.3.rel1.win32_1.0.0.202411081344/tools/bin/../lib/gcc/arm-none-eabi/13.3.1/thumb/v7e-m+dp/hard/crtbegin.o
 .text          0x700002f0       0xa0 C:/ST/STM32CubeIDE_1.19.0/STM32CubeIDE/plugins/com.st.stm32cube.ide.mcu.externaltools.gnu-tools-for-stm32.13.3.rel1.win32_1.0.0.202411081344/tools/bin/../lib/gcc/arm-none-eabi/13.3.1/../../../../arm-none-eabi/lib/thumb/v7e-m+dp/hard\libc_nano.a(libc_a-memchr.o)
                0x700002f0                memchr
 .text          0x70000390       0x10 C:/ST/STM32CubeIDE_1.19.0/STM32CubeIDE/plugins/com.st.stm32cube.ide.mcu.externaltools.gnu-tools-for-stm32.13.3.rel1.win32_1.0.0.202411081344/tools/bin/../lib/gcc/arm-none-eabi/13.3.1/../../../../arm-none-eabi/lib/thumb/v7e-m+dp/hard\libc_nano.a(libc_a-strlen.o)
                0x70000390                strlen
 .text          0x700003a0       0x30 C:/ST/STM32CubeIDE_1.19.0/STM32CubeIDE/plugins/com.st.stm32cube.ide.mcu.externaltools.gnu-tools-for-stm32.13.3.rel1.win32_1.0.0.202411081344/tools/bin/../lib/gcc/arm-none-eabi/13.3.1/thumb/v7e-m+dp/hard\libgcc.a(_aeabi_uldivmod.o)
                0x700003a0                __aeabi_uldivmod
 .text          0x700003d0      0x2f8 C:/ST/STM32CubeIDE_1.19.0/STM32CubeIDE/plugins/com.st.stm32cube.ide.mcu.externaltools.gnu-tools-for-stm32.13.3.rel1.win32_1.0.0.202411081344/tools/bin/../lib/gcc/arm-none-eabi/13.3.1/thumb/v7e-m+dp/hard\libgcc.a(_udivmoddi4.o)
                0x700003d0                __udivmoddi4
 .text          0x700006c8        0x4 C:/ST/STM32CubeIDE_1.19.0/STM32CubeIDE/plugins/com.st.stm32cube.ide.mcu.externaltools.gnu-tools-for-stm32.13.3.rel1.win32_1.0.0.202411081344/tools/bin/../lib/gcc/arm-none-eabi/13.3.1/thumb/v7e-m+dp/hard\libgcc.a(_dvmd_tls.o)
                0x700006c8                __aeabi_idiv0
                0x700006c8                __aeabi_ldiv0
 *(.text*)
 .text.AudioIngest_ReceiveClipHeader
                0x700006cc       0x40 ./Core/Src/audio_ingest.o
                0x700006cc                AudioIngest_ReceiveClipHeader
 .text.AudioIngest_StartHopReceive
                0x7000070c       0x28 ./Core/Src/audio_ingest.o
                0x7000070c                AudioIngest_StartHopReceive
 .text.AudioIngest_WaitHopComplete
                0x70000734       0x78 ./Core/Src/audio_ingest.o
                0x70000734                AudioIngest_WaitHopComplete
 .text.HAL_UART_RxCpltCallback
                0x700007ac       0x18 ./Core/Src/audio_ingest.o
                0x700007ac                HAL_UART_RxCpltCallback
 .text.HAL_UART_ErrorCallback
                0x700007c4       0x18 ./Core/Src/audio_ingest.o
                0x700007c4                HAL_UART_ErrorCallback
 .text.FeaturePipeline_Init
                0x700007dc       0x18 ./Core/Src/feature_pipeline.o
                0x700007dc                FeaturePipeline_Init
 .text.FeaturePipeline_ComputeLogMelFrame
                0x700007f4       0xc8 ./Core/Src/feature_pipeline.o
                0x700007f4                FeaturePipeline_ComputeLogMelFrame
 .text.FeaturePipeline_PushHop
                0x700008bc       0x28 ./Core/Src/feature_pipeline.o
                0x700008bc                FeaturePipeline_PushHop
 .text.FeaturePipeline_GetCurrentFrame
                0x700008e4        0x8 ./Core/Src/feature_pipeline.o
                0x700008e4                FeaturePipeline_GetCurrentFrame
 .text.TransmitAcked
                0x700008ec       0xdc ./Core/Src/main.o
 .text.FatalBlink.constprop.0
                0x700009c8       0x30 ./Core/Src/main.o
 .text.startup.main
                0x700009f8      0x498 ./Core/Src/main.o
                0x700009f8                main
 .text.Error_Handler
                0x70000e90        0x4 ./Core/Src/main.o
                0x70000e90                Error_Handler
 .text.ssm_rmsnorm
                0x70000e94       0x7c ./Core/Src/ssm_backbone.o
 .text.SSMBackbone_Reset
                0x70000f10        0xc ./Core/Src/ssm_backbone.o
                0x70000f10                SSMBackbone_Reset
 .text.SSMBackbone_ProcessFrame
                0x70000f1c      0x858 ./Core/Src/ssm_backbone.o
                0x70000f1c                SSMBackbone_ProcessFrame
 .text.SSMBackbone_GetPooled
                0x70001774       0x88 ./Core/Src/ssm_backbone.o
                0x70001774                SSMBackbone_GetPooled
 .text.SSMBackbone_NormalizeFrame
                0x700017fc       0x30 ./Core/Src/ssm_backbone.o
                0x700017fc                SSMBackbone_NormalizeFrame
 .text.SSMDistanceHead_Score
                0x7000182c       0xf8 ./Core/Src/ssm_distance_head.o
                0x7000182c                SSMDistanceHead_Score
 .text.HAL_MspInit
                0x70001924        0x4 ./Core/Src/stm32h7rsxx_hal_msp.o
                0x70001924                HAL_MspInit
 .text.NMI_Handler
                0x70001928        0x4 ./Core/Src/stm32h7rsxx_it.o
                0x70001928                NMI_Handler
 .text.HardFault_Handler
                0x7000192c        0x4 ./Core/Src/stm32h7rsxx_it.o
                0x7000192c                HardFault_Handler
 .text.MemManage_Handler
                0x70001930        0x4 ./Core/Src/stm32h7rsxx_it.o
                0x70001930                MemManage_Handler
 .text.BusFault_Handler
                0x70001934        0x4 ./Core/Src/stm32h7rsxx_it.o
                0x70001934                BusFault_Handler
 .text.UsageFault_Handler
                0x70001938        0x4 ./Core/Src/stm32h7rsxx_it.o
                0x70001938                UsageFault_Handler
 .text.SVC_Handler
                0x7000193c        0x4 ./Core/Src/stm32h7rsxx_it.o
                0x7000193c                SVC_Handler
 .text.DebugMon_Handler
                0x70001940        0x4 ./Core/Src/stm32h7rsxx_it.o
                0x70001940                DebugMon_Handler
 .text.PendSV_Handler
                0x70001944        0x4 ./Core/Src/stm32h7rsxx_it.o
                0x70001944                PendSV_Handler
 .text.SysTick_Handler
                0x70001948        0x4 ./Core/Src/stm32h7rsxx_it.o
                0x70001948                SysTick_Handler
 .text.EXTI13_IRQHandler
                0x7000194c        0x8 ./Core/Src/stm32h7rsxx_it.o
                0x7000194c                EXTI13_IRQHandler
 .text.GPDMA1_Channel5_IRQHandler
                0x70001954        0xc ./Core/Src/stm32h7rsxx_it.o
                0x70001954                GPDMA1_Channel5_IRQHandler
 .text._getpid  0x70001960        0x4 ./Core/Src/syscalls.o
                0x70001960                _getpid
 .text._kill    0x70001964       0x14 ./Core/Src/syscalls.o
                0x70001964                _kill
 .text._exit    0x70001978        0xc ./Core/Src/syscalls.o
                0x70001978                _exit
 .text._read    0x70001984       0x1c ./Core/Src/syscalls.o
                0x70001984                _read
 .text._write   0x700019a0       0x1c ./Core/Src/syscalls.o
                0x700019a0                _write
 .text._close   0x700019bc        0x8 ./Core/Src/syscalls.o
                0x700019bc                _close
 .text._fstat   0x700019c4        0xc ./Core/Src/syscalls.o
                0x700019c4                _fstat
 .text._isatty  0x700019d0        0x4 ./Core/Src/syscalls.o
                0x700019d0                _isatty
 .text._lseek   0x700019d4        0x4 ./Core/Src/syscalls.o
                0x700019d4                _lseek
 .text._sbrk    0x700019d8       0x48 ./Core/Src/sysmem.o
                0x700019d8                _sbrk
 .text.SystemInit
                0x70001a20       0x1c ./Core/Src/system_stm32h7rsxx.o
                0x70001a20                SystemInit
 .text.SystemCoreClockUpdate
                0x70001a3c      0x144 ./Core/Src/system_stm32h7rsxx.o
                0x70001a3c                SystemCoreClockUpdate
 .text.Reset_Handler
                0x70001b80       0x50 ./Core/Startup/startup_stm32h7s3l8hx.o
                0x70001b80                Reset_Handler
 .text.Default_Handler
                0x70001bd0        0x2 ./Core/Startup/startup_stm32h7s3l8hx.o
                0x70001bd0                HPDMA1_Channel13_IRQHandler
                0x70001bd0                EXTI2_IRQHandler
                0x70001bd0                MCE2_IRQHandler
                0x70001bd0                SAI1_A_IRQHandler
                0x70001bd0                EXTI5_IRQHandler
                0x70001bd0                I3C1_ER_IRQHandler
                0x70001bd0                UART8_IRQHandler
                0x70001bd0                SPI4_IRQHandler
                0x70001bd0                TIM1_CC_IRQHandler
                0x70001bd0                XSPI1_IRQHandler
                0x70001bd0                JPEG_IRQHandler
                0x70001bd0                TAMP_IRQHandler
                0x70001bd0                TIM6_IRQHandler
                0x70001bd0                EXTI12_IRQHandler
                0x70001bd0                CORDIC_IRQHandler
                0x70001bd0                GFXTIM_IRQHandler
                0x70001bd0                EXTI3_IRQHandler
                0x70001bd0                LPTIM4_IRQHandler
                0x70001bd0                EXTI8_IRQHandler
                0x70001bd0                LPTIM2_IRQHandler
                0x70001bd0                GFXMMU_IRQHandler
                0x70001bd0                I2C3_ER_IRQHandler
                0x70001bd0                LPTIM3_IRQHandler
                0x70001bd0                SAI2_A_IRQHandler
                0x70001bd0                EXTI0_IRQHandler
                0x70001bd0                HPDMA1_Channel9_IRQHandler
                0x70001bd0                I2C2_EV_IRQHandler
                0x70001bd0                FPU_IRQHandler
                0x70001bd0                GPDMA1_Channel3_IRQHandler
                0x70001bd0                GPDMA1_Channel7_IRQHandler
                0x70001bd0                FDCAN1_IT1_IRQHandler
                0x70001bd0                HPDMA1_Channel3_IRQHandler
                0x70001bd0                ADC1_2_IRQHandler
                0x70001bd0                GPDMA1_Channel9_IRQHandler
                0x70001bd0                SPI1_IRQHandler
                0x70001bd0                SAI1_B_IRQHandler
                0x70001bd0                GPDMA1_Channel2_IRQHandler
                0x70001bd0                I3C1_WKUP_IRQHandler
                0x70001bd0                PKA_IRQHandler
                0x70001bd0                HPDMA1_Channel2_IRQHandler
                0x70001bd0                EXTI15_IRQHandler
                0x70001bd0                TIM17_IRQHandler
                0x70001bd0                USART3_IRQHandler
                0x70001bd0                HPDMA1_Channel6_IRQHandler
                0x70001bd0                CRYP_IRQHandler
                0x70001bd0                RTC_IRQHandler
                0x70001bd0                XSPI2_IRQHandler
                0x70001bd0                EXTI9_IRQHandler
                0x70001bd0                HPDMA1_Channel0_IRQHandler
                0x70001bd0                LPTIM5_IRQHandler
                0x70001bd0                HPDMA1_Channel1_IRQHandler
                0x70001bd0                UART5_IRQHandler
                0x70001bd0                TIM4_IRQHandler
                0x70001bd0                I2C1_EV_IRQHandler
                0x70001bd0                GPDMA1_Channel12_IRQHandler
                0x70001bd0                HPDMA1_Channel7_IRQHandler
                0x70001bd0                GPDMA1_Channel1_IRQHandler
                0x70001bd0                TIM16_IRQHandler
                0x70001bd0                GPDMA1_Channel15_IRQHandler
                0x70001bd0                UART4_IRQHandler
                0x70001bd0                TIM3_IRQHandler
                0x70001bd0                RCC_IRQHandler
                0x70001bd0                TIM1_TRG_COM_IRQHandler
                0x70001bd0                SAI2_B_IRQHandler
                0x70001bd0                Default_Handler
                0x70001bd0                GPDMA1_Channel8_IRQHandler
                0x70001bd0                HPDMA1_Channel8_IRQHandler
                0x70001bd0                CEC_IRQHandler
                0x70001bd0                TIM14_IRQHandler
                0x70001bd0                TIM13_IRQHandler
                0x70001bd0                GPDMA1_Channel11_IRQHandler
                0x70001bd0                SPI5_IRQHandler
                0x70001bd0                TIM12_IRQHandler
                0x70001bd0                TIM7_IRQHandler
                0x70001bd0                HPDMA1_Channel10_IRQHandler
                0x70001bd0                SDMMC1_IRQHandler
                0x70001bd0                SAES_IRQHandler
                0x70001bd0                TIM5_IRQHandler
                0x70001bd0                UCPD1_IRQHandler
                0x70001bd0                GPDMA1_Channel0_IRQHandler
                0x70001bd0                I3C1_EV_IRQHandler
                0x70001bd0                HPDMA1_Channel5_IRQHandler
                0x70001bd0                TIM15_IRQHandler
                0x70001bd0                I2C3_EV_IRQHandler
                0x70001bd0                HPDMA1_Channel4_IRQHandler
                0x70001bd0                HPDMA1_Channel15_IRQHandler
                0x70001bd0                TIM9_IRQHandler
                0x70001bd0                SPDIF_RX_IRQHandler
                0x70001bd0                PVD_PVM_IRQHandler
                0x70001bd0                SPI2_IRQHandler
                0x70001bd0                HPDMA1_Channel11_IRQHandler
                0x70001bd0                EXTI14_IRQHandler
                0x70001bd0                EXTI11_IRQHandler
                0x70001bd0                CRS_IRQHandler
                0x70001bd0                GPDMA1_Channel14_IRQHandler
                0x70001bd0                EXTI4_IRQHandler
                0x70001bd0                GPDMA1_Channel13_IRQHandler
                0x70001bd0                RNG_IRQHandler
                0x70001bd0                FDCAN2_IT1_IRQHandler
                0x70001bd0                ETH_IRQHandler
                0x70001bd0                TIM1_UP_IRQHandler
                0x70001bd0                WWDG_IRQHandler
                0x70001bd0                SPI6_IRQHandler
                0x70001bd0                MDIOS_IRQHandler
                0x70001bd0                FDCAN2_IT0_IRQHandler
                0x70001bd0                IWDG_IRQHandler
                0x70001bd0                HPDMA1_Channel14_IRQHandler
                0x70001bd0                LPUART1_IRQHandler
                0x70001bd0                FDCAN1_IT0_IRQHandler
                0x70001bd0                TIM2_IRQHandler
                0x70001bd0                PSSI_IRQHandler
                0x70001bd0                MCE3_IRQHandler
                0x70001bd0                GPDMA1_Channel4_IRQHandler
                0x70001bd0                OTG_HS_IRQHandler
                0x70001bd0                EXTI7_IRQHandler
                0x70001bd0                DMA2D_IRQHandler
                0x70001bd0                TIM1_BRK_IRQHandler
                0x70001bd0                EXTI1_IRQHandler
                0x70001bd0                SDMMC2_IRQHandler
                0x70001bd0                UART7_IRQHandler
                0x70001bd0                DTS_IRQHandler
                0x70001bd0                USART2_IRQHandler
                0x70001bd0                GPDMA1_Channel6_IRQHandler
                0x70001bd0                ADF1_FLT0_IRQHandler
                0x70001bd0                RAMECC_IRQHandler
                0x70001bd0                I2C2_ER_IRQHandler
                0x70001bd0                MCE1_IRQHandler
                0x70001bd0                HPDMA1_Channel12_IRQHandler
                0x70001bd0                FLASH_IRQHandler
                0x70001bd0                USART1_IRQHandler
                0x70001bd0                EXTI10_IRQHandler
                0x70001bd0                OTG_FS_IRQHandler
                0x70001bd0                SPI3_IRQHandler
                0x70001bd0                WAKEUP_PIN_IRQHandler
                0x70001bd0                DCMIPP_IRQHandler
                0x70001bd0                I2C1_ER_IRQHandler
                0x70001bd0                FMC_IRQHandler
                0x70001bd0                EXTI6_IRQHandler
                0x70001bd0                LPTIM1_IRQHandler
                0x70001bd0                GPDMA1_Channel10_IRQHandler
                0x70001bd0                HASH_IRQHandler
 *fill*         0x70001bd2        0x2 
 .text.BSP_LED_Init
                0x70001bd4       0x8c ./Drivers/BSP/STM32H7xx_Nucleo/stm32h7rsxx_nucleo.o
                0x70001bd4                BSP_LED_Init
 .text.BSP_LED_On
                0x70001c60       0x20 ./Drivers/BSP/STM32H7xx_Nucleo/stm32h7rsxx_nucleo.o
                0x70001c60                BSP_LED_On
 .text.BSP_LED_Off
                0x70001c80       0x20 ./Drivers/BSP/STM32H7xx_Nucleo/stm32h7rsxx_nucleo.o
                0x70001c80                BSP_LED_Off
 .text.BSP_PB_Init
                0x70001ca0       0xb4 ./Drivers/BSP/STM32H7xx_Nucleo/stm32h7rsxx_nucleo.o
                0x70001ca0                BSP_PB_Init
 .text.BSP_PB_Callback
                0x70001d54        0x4 ./Drivers/BSP/STM32H7xx_Nucleo/stm32h7rsxx_nucleo.o
                0x70001d54                BSP_PB_Callback
 .text.BUTTON_USER_EXTI_Callback
                0x70001d58        0xc ./Drivers/BSP/STM32H7xx_Nucleo/stm32h7rsxx_nucleo.o
 .text.BSP_PB_IRQHandler
                0x70001d64       0x10 ./Drivers/BSP/STM32H7xx_Nucleo/stm32h7rsxx_nucleo.o
                0x70001d64                BSP_PB_IRQHandler
 .text.__io_putchar
                0x70001d74       0x30 ./Drivers/BSP/STM32H7xx_Nucleo/stm32h7rsxx_nucleo.o
                0x70001d74                __io_putchar
 .text.MX_USART3_Init
                0x70001da4       0x34 ./Drivers/BSP/STM32H7xx_Nucleo/stm32h7rsxx_nucleo.o
                0x70001da4                MX_USART3_Init
 .text.BSP_COM_Init
                0x70001dd8       0xb0 ./Drivers/BSP/STM32H7xx_Nucleo/stm32h7rsxx_nucleo.o
                0x70001dd8                BSP_COM_Init
 .text.HAL_InitTick
                0x70001e88       0x4c ./Drivers/STM32H7RSxx_HAL_Driver/stm32h7rsxx_hal.o
                0x70001e88                HAL_InitTick
 .text.HAL_Init
                0x70001ed4       0x20 ./Drivers/STM32H7RSxx_HAL_Driver/stm32h7rsxx_hal.o
                0x70001ed4                HAL_Init
 .text.HAL_IncTick
                0x70001ef4       0x18 ./Drivers/STM32H7RSxx_HAL_Driver/stm32h7rsxx_hal.o
                0x70001ef4                HAL_IncTick
 .text.HAL_GetTick
                0x70001f0c        0xc ./Drivers/STM32H7RSxx_HAL_Driver/stm32h7rsxx_hal.o
                0x70001f0c                HAL_GetTick
 .text.HAL_Delay
                0x70001f18       0x24 ./Drivers/STM32H7RSxx_HAL_Driver/stm32h7rsxx_hal.o
                0x70001f18                HAL_Delay
 .text.HAL_NVIC_SetPriorityGrouping
                0x70001f3c       0x24 ./Drivers/STM32H7RSxx_HAL_Driver/stm32h7rsxx_hal_cortex.o
                0x70001f3c                HAL_NVIC_SetPriorityGrouping
 .text.HAL_NVIC_SetPriority
                0x70001f60       0x78 ./Drivers/STM32H7RSxx_HAL_Driver/stm32h7rsxx_hal_cortex.o
                0x70001f60                HAL_NVIC_SetPriority
 .text.HAL_NVIC_EnableIRQ
                0x70001fd8       0x1c ./Drivers/STM32H7RSxx_HAL_Driver/stm32h7rsxx_hal_cortex.o
                0x70001fd8                HAL_NVIC_EnableIRQ
 .text.HAL_SYSTICK_Config
                0x70001ff4       0x2c ./Drivers/STM32H7RSxx_HAL_Driver/stm32h7rsxx_hal_cortex.o
                0x70001ff4                HAL_SYSTICK_Config
 .text.HAL_DMA_Init
                0x70002020      0x3e8 ./Drivers/STM32H7RSxx_HAL_Driver/stm32h7rsxx_hal_dma.o
                0x70002020                HAL_DMA_Init
 .text.HAL_DMA_Start_IT
                0x70002408       0x84 ./Drivers/STM32H7RSxx_HAL_Driver/stm32h7rsxx_hal_dma.o
                0x70002408                HAL_DMA_Start_IT
 .text.HAL_DMA_Abort
                0x7000248c       0x9c ./Drivers/STM32H7RSxx_HAL_Driver/stm32h7rsxx_hal_dma.o
                0x7000248c                HAL_DMA_Abort
 .text.HAL_DMA_IRQHandler
                0x70002528      0x17c ./Drivers/STM32H7RSxx_HAL_Driver/stm32h7rsxx_hal_dma.o
                0x70002528                HAL_DMA_IRQHandler
 .text.HAL_DMA_GetError
                0x700026a4        0x4 ./Drivers/STM32H7RSxx_HAL_Driver/stm32h7rsxx_hal_dma.o
                0x700026a4                HAL_DMA_GetError
 .text.HAL_DMA_ConfigChannelAttributes
                0x700026a8       0x44 ./Drivers/STM32H7RSxx_HAL_Driver/stm32h7rsxx_hal_dma.o
                0x700026a8                HAL_DMA_ConfigChannelAttributes
 .text.HAL_DMAEx_List_Start_IT
                0x700026ec       0xbc ./Drivers/STM32H7RSxx_HAL_Driver/stm32h7rsxx_hal_dma_ex.o
                0x700026ec                HAL_DMAEx_List_Start_IT
 .text.HAL_EXTI_RegisterCallback
                0x700027a8       0x10 ./Drivers/STM32H7RSxx_HAL_Driver/stm32h7rsxx_hal_exti.o
                0x700027a8                HAL_EXTI_RegisterCallback
 .text.HAL_EXTI_GetHandle
                0x700027b8       0x10 ./Drivers/STM32H7RSxx_HAL_Driver/stm32h7rsxx_hal_exti.o
                0x700027b8                HAL_EXTI_GetHandle
 .text.HAL_EXTI_IRQHandler
                0x700027c8       0x30 ./Drivers/STM32H7RSxx_HAL_Driver/stm32h7rsxx_hal_exti.o
                0x700027c8                HAL_EXTI_IRQHandler
 .text.HAL_GPIO_Init
                0x700027f8      0x17c ./Drivers/STM32H7RSxx_HAL_Driver/stm32h7rsxx_hal_gpio.o
                0x700027f8                HAL_GPIO_Init
 .text.HAL_GPIO_WritePin
                0x70002974        0xc ./Drivers/STM32H7RSxx_HAL_Driver/stm32h7rsxx_hal_gpio.o
                0x70002974                HAL_GPIO_WritePin
 .text.RCC_PLL2_GetVCOOutputFreq
                0x70002980       0xb4 ./Drivers/STM32H7RSxx_HAL_Driver/stm32h7rsxx_hal_rcc.o
 .text.RCC_PLL3_GetVCOOutputFreq
                0x70002a34       0xb4 ./Drivers/STM32H7RSxx_HAL_Driver/stm32h7rsxx_hal_rcc.o
 .text.HAL_RCC_GetSysClockFreq
                0x70002ae8      0x15c ./Drivers/STM32H7RSxx_HAL_Driver/stm32h7rsxx_hal_rcc.o
                0x70002ae8                HAL_RCC_GetSysClockFreq
 .text.HAL_RCC_GetPCLK1Freq
                0x70002c44       0x48 ./Drivers/STM32H7RSxx_HAL_Driver/stm32h7rsxx_hal_rcc.o
                0x70002c44                HAL_RCC_GetPCLK1Freq
 .text.HAL_RCC_GetPCLK2Freq
                0x70002c8c       0x48 ./Drivers/STM32H7RSxx_HAL_Driver/stm32h7rsxx_hal_rcc.o
                0x70002c8c                HAL_RCC_GetPCLK2Freq
 .text.HAL_RCC_GetPCLK4Freq
                0x70002cd4       0x48 ./Drivers/STM32H7RSxx_HAL_Driver/stm32h7rsxx_hal_rcc.o
                0x70002cd4                HAL_RCC_GetPCLK4Freq
 .text.HAL_RCC_GetPLL2QFreq
                0x70002d1c       0x1c ./Drivers/STM32H7RSxx_HAL_Driver/stm32h7rsxx_hal_rcc.o
                0x70002d1c                HAL_RCC_GetPLL2QFreq
 .text.HAL_RCC_GetPLL3QFreq
                0x70002d38       0x1c ./Drivers/STM32H7RSxx_HAL_Driver/stm32h7rsxx_hal_rcc.o
                0x70002d38                HAL_RCC_GetPLL3QFreq
 .text.UART_EndRxTransfer
                0x70002d54       0x6c ./Drivers/STM32H7RSxx_HAL_Driver/stm32h7rsxx_hal_uart.o
 .text.HAL_UART_MspInit
                0x70002dc0        0x4 ./Drivers/STM32H7RSxx_HAL_Driver/stm32h7rsxx_hal_uart.o
                0x70002dc0                HAL_UART_MspInit
 .text.HAL_UART_AbortReceive
                0x70002dc4       0xc8 ./Drivers/STM32H7RSxx_HAL_Driver/stm32h7rsxx_hal_uart.o
                0x70002dc4                HAL_UART_AbortReceive
 .text.HAL_UART_RxHalfCpltCallback
                0x70002e8c        0x4 ./Drivers/STM32H7RSxx_HAL_Driver/stm32h7rsxx_hal_uart.o
                0x70002e8c                HAL_UART_RxHalfCpltCallback
 .text.UART_DMAError
                0x70002e90       0x78 ./Drivers/STM32H7RSxx_HAL_Driver/stm32h7rsxx_hal_uart.o
 .text.HAL_UARTEx_RxEventCallback
                0x70002f08        0x4 ./Drivers/STM32H7RSxx_HAL_Driver/stm32h7rsxx_hal_uart.o
                0x70002f08                HAL_UARTEx_RxEventCallback
 .text.UART_DMARxHalfCplt
                0x70002f0c       0x3c ./Drivers/STM32H7RSxx_HAL_Driver/stm32h7rsxx_hal_uart.o
 .text.UART_DMAReceiveCplt
                0x70002f48       0xb8 ./Drivers/STM32H7RSxx_HAL_Driver/stm32h7rsxx_hal_uart.o
 .text.UART_SetConfig
                0x70003000      0x2a8 ./Drivers/STM32H7RSxx_HAL_Driver/stm32h7rsxx_hal_uart.o
                0x70003000                UART_SetConfig
 .text.UART_AdvFeatureConfig
                0x700032a8       0xb0 ./Drivers/STM32H7RSxx_HAL_Driver/stm32h7rsxx_hal_uart.o
                0x700032a8                UART_AdvFeatureConfig
 .text.UART_WaitOnFlagUntilTimeout
                0x70003358       0xa0 ./Drivers/STM32H7RSxx_HAL_Driver/stm32h7rsxx_hal_uart.o
                0x70003358                UART_WaitOnFlagUntilTimeout
 .text.HAL_UART_Transmit
                0x700033f8       0xc8 ./Drivers/STM32H7RSxx_HAL_Driver/stm32h7rsxx_hal_uart.o
                0x700033f8                HAL_UART_Transmit
 .text.HAL_UART_Receive
                0x700034c0      0x100 ./Drivers/STM32H7RSxx_HAL_Driver/stm32h7rsxx_hal_uart.o
                0x700034c0                HAL_UART_Receive
 .text.UART_CheckIdleState
                0x700035c0       0xbc ./Drivers/STM32H7RSxx_HAL_Driver/stm32h7rsxx_hal_uart.o
                0x700035c0                UART_CheckIdleState
 .text.HAL_UART_Init
                0x7000367c       0x68 ./Drivers/STM32H7RSxx_HAL_Driver/stm32h7rsxx_hal_uart.o
                0x7000367c                HAL_UART_Init
 .text.UART_Start_Receive_DMA
                0x700036e4       0xe0 ./Drivers/STM32H7RSxx_HAL_Driver/stm32h7rsxx_hal_uart.o
                0x700036e4                UART_Start_Receive_DMA
 .text.HAL_UART_Receive_DMA
                0x700037c4       0x48 ./Drivers/STM32H7RSxx_HAL_Driver/stm32h7rsxx_hal_uart.o
                0x700037c4                HAL_UART_Receive_DMA
 .text.arm_dot_prod_f32
                0x7000380c       0x20 ./Middlewares/CMSIS-DSP/Source/BasicMathFunctions/arm_dot_prod_f32.o
                0x7000380c                arm_dot_prod_f32
 .text.arm_mult_f32
                0x7000382c       0x18 ./Middlewares/CMSIS-DSP/Source/BasicMathFunctions/arm_mult_f32.o
                0x7000382c                arm_mult_f32
 .text.arm_cmplx_mag_squared_f32
                0x70003844       0x24 ./Middlewares/CMSIS-DSP/Source/ComplexMathFunctions/arm_cmplx_mag_squared_f32.o
                0x70003844                arm_cmplx_mag_squared_f32
 .text.arm_bitreversal_32
                0x70003868       0x54 ./Middlewares/CMSIS-DSP/Source/TransformFunctions/arm_bitreversal2.o
                0x70003868                arm_bitreversal_32
 .text.arm_cfft_f32
                0x700038bc      0x6f4 ./Middlewares/CMSIS-DSP/Source/TransformFunctions/arm_cfft_f32.o
                0x700038bc                arm_cfft_f32
 .text.arm_cfft_init_512_f32
                0x70003fb0       0x28 ./Middlewares/CMSIS-DSP/Source/TransformFunctions/arm_cfft_init_f32.o
                0x70003fb0                arm_cfft_init_512_f32
 .text.arm_radix8_butterfly_f32
                0x70003fd8      0x528 ./Middlewares/CMSIS-DSP/Source/TransformFunctions/arm_cfft_radix8_f32.o
                0x70003fd8                arm_radix8_butterfly_f32
 .text.arm_rfft_fast_f32
                0x70004500      0x164 ./Middlewares/CMSIS-DSP/Source/TransformFunctions/arm_rfft_fast_f32.o
                0x70004500                arm_rfft_fast_f32
 .text.arm_rfft_fast_init_1024_f32
                0x70004664       0x24 ./Middlewares/CMSIS-DSP/Source/TransformFunctions/arm_rfft_fast_init_f32.o
                0x70004664                arm_rfft_fast_init_1024_f32
 .text.__cvt    0x70004688       0xa8 C:/ST/STM32CubeIDE_1.19.0/STM32CubeIDE/plugins/com.st.stm32cube.ide.mcu.externaltools.gnu-tools-for-stm32.13.3.rel1.win32_1.0.0.202411081344/tools/bin/../lib/gcc/arm-none-eabi/13.3.1/../../../../arm-none-eabi/lib/thumb/v7e-m+dp/hard\libc_nano.a(libc_a-nano-vfprintf_float.o)
                0x70004688                __cvt
 .text.__exponent
                0x70004730       0x74 C:/ST/STM32CubeIDE_1.19.0/STM32CubeIDE/plugins/com.st.stm32cube.ide.mcu.externaltools.gnu-tools-for-stm32.13.3.rel1.win32_1.0.0.202411081344/tools/bin/../lib/gcc/arm-none-eabi/13.3.1/../../../../arm-none-eabi/lib/thumb/v7e-m+dp/hard\libc_nano.a(libc_a-nano-vfprintf_float.o)
                0x70004730                __exponent
 *fill*         0x700047a4        0x4 
 .text._printf_float
                0x700047a8      0x434 C:/ST/STM32CubeIDE_1.19.0/STM32CubeIDE/plugins/com.st.stm32cube.ide.mcu.externaltools.gnu-tools-for-stm32.13.3.rel1.win32_1.0.0.202411081344/tools/bin/../lib/gcc/arm-none-eabi/13.3.1/../../../../arm-none-eabi/lib/thumb/v7e-m+dp/hard\libc_nano.a(libc_a-nano-vfprintf_float.o)
                0x700047a8                _printf_float
 .text._printf_common
                0x70004bdc       0xda C:/ST/STM32CubeIDE_1.19.0/STM32CubeIDE/plugins/com.st.stm32cube.ide.mcu.externaltools.gnu-tools-for-stm32.13.3.rel1.win32_1.0.0.202411081344/tools/bin/../lib/gcc/arm-none-eabi/13.3.1/../../../../arm-none-eabi/lib/thumb/v7e-m+dp/hard\libc_nano.a(libc_a-nano-vfprintf_i.o)
                0x70004bdc                _printf_common
 *fill*         0x70004cb6        0x2 
 .text._printf_i
                0x70004cb8      0x23c C:/ST/STM32CubeIDE_1.19.0/STM32CubeIDE/plugins/com.st.stm32cube.ide.mcu.externaltools.gnu-tools-for-stm32.13.3.rel1.win32_1.0.0.202411081344/tools/bin/../lib/gcc/arm-none-eabi/13.3.1/../../../../arm-none-eabi/lib/thumb/v7e-m+dp/hard\libc_nano.a(libc_a-nano-vfprintf_i.o)
                0x70004cb8                _printf_i
 .text.std      0x70004ef4       0x6c C:/ST/STM32CubeIDE_1.19.0/STM32CubeIDE/plugins/com.st.stm32cube.ide.mcu.externaltools.gnu-tools-for-stm32.13.3.rel1.win32_1.0.0.202411081344/tools/bin/../lib/gcc/arm-none-eabi/13.3.1/../../../../arm-none-eabi/lib/thumb/v7e-m+dp/hard\libc_nano.a(libc_a-findfp.o)
 .text.stdio_exit_handler
                0x70004f60       0x18 C:/ST/STM32CubeIDE_1.19.0/STM32CubeIDE/plugins/com.st.stm32cube.ide.mcu.externaltools.gnu-tools-for-stm32.13.3.rel1.win32_1.0.0.202411081344/tools/bin/../lib/gcc/arm-none-eabi/13.3.1/../../../../arm-none-eabi/lib/thumb/v7e-m+dp/hard\libc_nano.a(libc_a-findfp.o)
 .text.cleanup_stdio
                0x70004f78       0x40 C:/ST/STM32CubeIDE_1.19.0/STM32CubeIDE/plugins/com.st.stm32cube.ide.mcu.externaltools.gnu-tools-for-stm32.13.3.rel1.win32_1.0.0.202411081344/tools/bin/../lib/gcc/arm-none-eabi/13.3.1/../../../../arm-none-eabi/lib/thumb/v7e-m+dp/hard\libc_nano.a(libc_a-findfp.o)
 .text.global_stdio_init.part.0
                0x70004fb8       0x3c C:/ST/STM32CubeIDE_1.19.0/STM32CubeIDE/plugins/com.st.stm32cube.ide.mcu.externaltools.gnu-tools-for-stm32.13.3.rel1.win32_1.0.0.202411081344/tools/bin/../lib/gcc/arm-none-eabi/13.3.1/../../../../arm-none-eabi/lib/thumb/v7e-m+dp/hard\libc_nano.a(libc_a-findfp.o)
 .text.__sfp_lock_acquire
                0x70004ff4        0xc C:/ST/STM32CubeIDE_1.19.0/STM32CubeIDE/plugins/com.st.stm32cube.ide.mcu.externaltools.gnu-tools-for-stm32.13.3.rel1.win32_1.0.0.202411081344/tools/bin/../lib/gcc/arm-none-eabi/13.3.1/../../../../arm-none-eabi/lib/thumb/v7e-m+dp/hard\libc_nano.a(libc_a-findfp.o)
                0x70004ff4                __sfp_lock_acquire
 .text.__sfp_lock_release
                0x70005000        0xc C:/ST/STM32CubeIDE_1.19.0/STM32CubeIDE/plugins/com.st.stm32cube.ide.mcu.externaltools.gnu-tools-for-stm32.13.3.rel1.win32_1.0.0.202411081344/tools/bin/../lib/gcc/arm-none-eabi/13.3.1/../../../../arm-none-eabi/lib/thumb/v7e-m+dp/hard\libc_nano.a(libc_a-findfp.o)
                0x70005000                __sfp_lock_release
 .text.__sinit  0x7000500c       0x30 C:/ST/STM32CubeIDE_1.19.0/STM32CubeIDE/plugins/com.st.stm32cube.ide.mcu.externaltools.gnu-tools-for-stm32.13.3.rel1.win32_1.0.0.202411081344/tools/bin/../lib/gcc/arm-none-eabi/13.3.1/../../../../arm-none-eabi/lib/thumb/v7e-m+dp/hard\libc_nano.a(libc_a-findfp.o)
                0x7000500c                __sinit
 .text._fwalk_sglue
                0x7000503c       0x3c C:/ST/STM32CubeIDE_1.19.0/STM32CubeIDE/plugins/com.st.stm32cube.ide.mcu.externaltools.gnu-tools-for-stm32.13.3.rel1.win32_1.0.0.202411081344/tools/bin/../lib/gcc/arm-none-eabi/13.3.1/../../../../arm-none-eabi/lib/thumb/v7e-m+dp/hard\libc_nano.a(libc_a-fwalk.o)
                0x7000503c                _fwalk_sglue
 .text.printf   0x70005078       0x24 C:/ST/STM32CubeIDE_1.19.0/STM32CubeIDE/plugins/com.st.stm32cube.ide.mcu.externaltools.gnu-tools-for-stm32.13.3.rel1.win32_1.0.0.202411081344/tools/bin/../lib/gcc/arm-none-eabi/13.3.1/../../../../arm-none-eabi/lib/thumb/v7e-m+dp/hard\libc_nano.a(libc_a-printf.o)
                0x70005078                iprintf
                0x70005078                printf
 .text._puts_r  0x7000509c       0xaa C:/ST/STM32CubeIDE_1.19.0/STM32CubeIDE/plugins/com.st.stm32cube.ide.mcu.externaltools.gnu-tools-for-stm32.13.3.rel1.win32_1.0.0.202411081344/tools/bin/../lib/gcc/arm-none-eabi/13.3.1/../../../../arm-none-eabi/lib/thumb/v7e-m+dp/hard\libc_nano.a(libc_a-puts.o)
                0x7000509c                _puts_r
 *fill*         0x70005146        0x2 
 .text.puts     0x70005148       0x10 C:/ST/STM32CubeIDE_1.19.0/STM32CubeIDE/plugins/com.st.stm32cube.ide.mcu.externaltools.gnu-tools-for-stm32.13.3.rel1.win32_1.0.0.202411081344/tools/bin/../lib/gcc/arm-none-eabi/13.3.1/../../../../arm-none-eabi/lib/thumb/v7e-m+dp/hard\libc_nano.a(libc_a-puts.o)
                0x70005148                puts
 .text.__sread  0x70005158       0x22 C:/ST/STM32CubeIDE_1.19.0/STM32CubeIDE/plugins/com.st.stm32cube.ide.mcu.externaltools.gnu-tools-for-stm32.13.3.rel1.win32_1.0.0.202411081344/tools/bin/../lib/gcc/arm-none-eabi/13.3.1/../../../../arm-none-eabi/lib/thumb/v7e-m+dp/hard\libc_nano.a(libc_a-stdio.o)
                0x70005158                __sread
 .text.__swrite
                0x7000517a       0x38 C:/ST/STM32CubeIDE_1.19.0/STM32CubeIDE/plugins/com.st.stm32cube.ide.mcu.externaltools.gnu-tools-for-stm32.13.3.rel1.win32_1.0.0.202411081344/tools/bin/../lib/gcc/arm-none-eabi/13.3.1/../../../../arm-none-eabi/lib/thumb/v7e-m+dp/hard\libc_nano.a(libc_a-stdio.o)
                0x7000517a                __swrite
 .text.__sseek  0x700051b2       0x24 C:/ST/STM32CubeIDE_1.19.0/STM32CubeIDE/plugins/com.st.stm32cube.ide.mcu.externaltools.gnu-tools-for-stm32.13.3.rel1.win32_1.0.0.202411081344/tools/bin/../lib/gcc/arm-none-eabi/13.3.1/../../../../arm-none-eabi/lib/thumb/v7e-m+dp/hard\libc_nano.a(libc_a-stdio.o)
                0x700051b2                __sseek
 .text.__sclose
                0x700051d6        0x8 C:/ST/STM32CubeIDE_1.19.0/STM32CubeIDE/plugins/com.st.stm32cube.ide.mcu.externaltools.gnu-tools-for-stm32.13.3.rel1.win32_1.0.0.202411081344/tools/bin/../lib/gcc/arm-none-eabi/13.3.1/../../../../arm-none-eabi/lib/thumb/v7e-m+dp/hard\libc_nano.a(libc_a-stdio.o)
                0x700051d6                __sclose
 .text.__swbuf_r
                0x700051de       0x7c C:/ST/STM32CubeIDE_1.19.0/STM32CubeIDE/plugins/com.st.stm32cube.ide.mcu.externaltools.gnu-tools-for-stm32.13.3.rel1.win32_1.0.0.202411081344/tools/bin/../lib/gcc/arm-none-eabi/13.3.1/../../../../arm-none-eabi/lib/thumb/v7e-m+dp/hard\libc_nano.a(libc_a-wbuf.o)
                0x700051de                __swbuf_r
 *fill*         0x7000525a        0x2 
 .text.__swsetup_r
                0x7000525c       0xac C:/ST/STM32CubeIDE_1.19.0/STM32CubeIDE/plugins/com.st.stm32cube.ide.mcu.externaltools.gnu-tools-for-stm32.13.3.rel1.win32_1.0.0.202411081344/tools/bin/../lib/gcc/arm-none-eabi/13.3.1/../../../../arm-none-eabi/lib/thumb/v7e-m+dp/hard\libc_nano.a(libc_a-wsetup.o)
                0x7000525c                __swsetup_r
 .text.memset   0x70005308       0x10 C:/ST/STM32CubeIDE_1.19.0/STM32CubeIDE/plugins/com.st.stm32cube.ide.mcu.externaltools.gnu-tools-for-stm32.13.3.rel1.win32_1.0.0.202411081344/tools/bin/../lib/gcc/arm-none-eabi/13.3.1/../../../../arm-none-eabi/lib/thumb/v7e-m+dp/hard\libc_nano.a(libc_a-memset.o)
                0x70005308                memset
 .text._localeconv_r
                0x70005318        0x8 C:/ST/STM32CubeIDE_1.19.0/STM32CubeIDE/plugins/com.st.stm32cube.ide.mcu.externaltools.gnu-tools-for-stm32.13.3.rel1.win32_1.0.0.202411081344/tools/bin/../lib/gcc/arm-none-eabi/13.3.1/../../../../arm-none-eabi/lib/thumb/v7e-m+dp/hard\libc_nano.a(libc_a-localeconv.o)
                0x70005318                _localeconv_r
 .text._close_r
                0x70005320       0x20 C:/ST/STM32CubeIDE_1.19.0/STM32CubeIDE/plugins/com.st.stm32cube.ide.mcu.externaltools.gnu-tools-for-stm32.13.3.rel1.win32_1.0.0.202411081344/tools/bin/../lib/gcc/arm-none-eabi/13.3.1/../../../../arm-none-eabi/lib/thumb/v7e-m+dp/hard\libc_nano.a(libc_a-closer.o)
                0x70005320                _close_r
 .text._lseek_r
                0x70005340       0x24 C:/ST/STM32CubeIDE_1.19.0/STM32CubeIDE/plugins/com.st.stm32cube.ide.mcu.externaltools.gnu-tools-for-stm32.13.3.rel1.win32_1.0.0.202411081344/tools/bin/../lib/gcc/arm-none-eabi/13.3.1/../../../../arm-none-eabi/lib/thumb/v7e-m+dp/hard\libc_nano.a(libc_a-lseekr.o)
                0x70005340                _lseek_r
 .text._read_r  0x70005364       0x24 C:/ST/STM32CubeIDE_1.19.0/STM32CubeIDE/plugins/com.st.stm32cube.ide.mcu.externaltools.gnu-tools-for-stm32.13.3.rel1.win32_1.0.0.202411081344/tools/bin/../lib/gcc/arm-none-eabi/13.3.1/../../../../arm-none-eabi/lib/thumb/v7e-m+dp/hard\libc_nano.a(libc_a-readr.o)
                0x70005364                _read_r
 .text._write_r